[    0.000000] microcode: microcode updated early to revision 0x71a, date = 2020-03-24
[    0.000000] Linux version 5.15.0-116-generic (buildd@lcy02-amd64-015) (gcc (Ubuntu 11.4.0-1ubuntu1~22.04) 11.4.0, GNU ld (GNU Binutils for Ubuntu) 2.38) #126-Ubuntu SMP Mon Jul 1 10:14:24 UTC 2024 (Ubuntu 5.15.0-116.126-generic 5.15.158)
[    0.000000] Command line: BOOT_IMAGE=/boot/vmlinuz-5.15.0-116-generic root=UUID=8b9e1980-828f-418f-ae44-80689ca8bd2f ro console=ttyS0,115200
[    0.000000] KERNEL supported cpus:
[    0.000000]   Intel GenuineIntel
[    0.000000]   AMD AuthenticAMD
[    0.000000]   Hygon HygonGenuine
[    0.000000]   Centaur CentaurHauls
[    0.000000]   zhaoxin   Shanghai  
[    0.000000] BIOS-provided physical RAM map:
[    0.000000] BIOS-e820: [mem 0x0000000000000000-0x000000000009bbff] usable
[    0.000000] BIOS-e820: [mem 0x000000000009bc00-0x000000000009ffff] reserved
[    0.000000] BIOS-e820: [mem 0x00000000000e0000-0x00000000000fffff] reserved
[    0.000000] BIOS-e820: [mem 0x0000000000100000-0x00000000bad2ffff] usable
[    0.000000] BIOS-e820: [mem 0x00000000bad30000-0x00000000baf80fff] reserved
[    0.000000] BIOS-e820: [mem 0x00000000baf81000-0x00000000bafb2fff] usable
[    0.000000] BIOS-e820: [mem 0x00000000bafb3000-0x00000000bafc7fff] reserved
[    0.000000] BIOS-e820: [mem 0x00000000bafc8000-0x00000000bb3d3fff] usable
[    0.000000] BIOS-e820: [mem 0x00000000bb3d4000-0x00000000bdd2efff] reserved
[    0.000000] BIOS-e820: [mem 0x00000000bdd2f000-0x00000000bddccfff] ACPI NVS
[    0.000000] BIOS-e820: [mem 0x00000000bddcd000-0x00000000bdea0fff] ACPI data
[    0.000000] BIOS-e820: [mem 0x00000000bdea1000-0x00000000bdf2efff] ACPI NVS
[    0.000000] BIOS-e820: [mem 0x00000000bdf2f000-0x00000000bdfa9fff] ACPI data
[    0.000000] BIOS-e820: [mem 0x00000000bdfaa000-0x00000000bdffffff] usable
[    0.000000] BIOS-e820: [mem 0x00000000be000000-0x00000000cfffffff] reserved
[    0.000000] BIOS-e820: [mem 0x00000000fec00000-0x00000000fec00fff] reserved
[    0.000000] BIOS-e820: [mem 0x00000000fed19000-0x00000000fed19fff] reserved
[    0.000000] BIOS-e820: [mem 0x00000000fed1c000-0x00000000fed1ffff] reserved
[    0.000000] BIOS-e820: [mem 0x00000000fee00000-0x00000000fee00fff] reserved
[    0.000000] BIOS-e820: [mem 0x00000000ffa20000-0x00000000ffffffff] reserved
[    0.000000] BIOS-e820: [mem 0x0000000100000000-0x000000103fffffff] usable
[    0.000000] NX (Execute Disable) protection: active
[    0.000000] SMBIOS 2.6 present.
[    0.000000] DMI: CRAY CRAY-512X/S2600JF, BIOS SE5C600.86B.02.06.0007.082420181029 08/24/2018
[    0.000000] tsc: Fast TSC calibration using PIT
[    0.000000] tsc: Detected 2593.703 MHz processor
[    0.000908] e820: update [mem 0x00000000-0x00000fff] usable ==> reserved
[    0.000913] e820: remove [mem 0x000a0000-0x000fffff] usable
[    0.000924] last_pfn = 0x1040000 max_arch_pfn = 0x400000000
[    0.001118] x86/PAT: Configuration [0-7]: WB  WC  UC- UC  WB  WP  UC- WT  
[    0.002499] last_pfn = 0xbe000 max_arch_pfn = 0x400000000
[    0.014357] found SMP MP-table at [mem 0x000fd260-0x000fd26f]
[    0.014385] Using GB pages for direct mapping
[    0.014940] RAMDISK: [mem 0x2f86f000-0x33c2efff]
[    0.014949] ACPI: Early table checksum verification disabled
[    0.014954] ACPI: RSDP 0x00000000000F0410 000024 (v02 INTEL )
[    0.014960] ACPI: XSDT 0x00000000BDFA7D98 0000CC (v01 INTEL  S2600JF  06222004 INTL 20090903)
[    0.014968] ACPI: FACP 0x00000000BDFA7918 0000F4 (v04 INTEL  S2600JF  06222004 INTL 20090903)
[    0.014975] ACPI BIOS Warning (bug): Invalid length for FADT/Pm1aControlBlock: 32, using default 16 (20210730/tbfadt-669)
[    0.014981] ACPI: DSDT 0x00000000BDF8D018 018E00 (v02 INTEL  S2600JF  00000006 INTL 20100331)
[    0.014986] ACPI: FACS 0x00000000BDFA7F40 000040
[    0.014990] ACPI: APIC 0x00000000BDFA6018 000BAA (v03 INTEL  S2600JF  06222004 INTL 20090903)
[    0.014995] ACPI: SPMI 0x00000000BDFA9A98 000041 (v05 INTEL  S2600JF  06222004 INTL 20090903)
[    0.015000] ACPI: FPDT 0x00000000BDFA9A18 000044 (v01 INTEL  S2600JF  00000000      00000000)
[    0.015004] ACPI: MCFG 0x00000000BDFA9F18 00003C (v01 INTEL  S2600JF  06222004 INTL 20090903)
[    0.015009] ACPI: WDDT 0x00000000BDFA9E98 000040 (v01 INTEL  S2600JF  06222004 INTL 20090903)
[    0.015014] ACPI: SRAT 0x00000000BDF8AC18 0002A8 (v03 INTEL  S2600JF  06222004 INTL 20090903)
[    0.015018] ACPI: SLIT 0x00000000BDFA9E18 000030 (v01 INTEL  S2600JF  06222004 INTL 20090903)
[    0.015023] ACPI: MSCT 0x00000000BDFA8E18 000090 (v01 INTEL  S2600JF  06222004 INTL 20090903)
[    0.015027] ACPI: HPET 0x00000000BDFA9D98 000038 (v01 INTEL  S2600JF  06222004 INTL 20090903)
[    0.015032] ACPI: SSDT 0x00000000BDFA9C98 00002B (v02 INTEL  S2600JF  00001000 INTL 20100331)
[    0.015036] ACPI: SSDT 0x00000000BDDCD018 0D30C8 (v02 INTEL  S2600JF  00004000 INTL 20100331)
[    0.015041] ACPI: DMAR 0x00000000BDFA7618 000108 (v01 INTEL  S2600JF  06222004 INTL 20090903)
[    0.015045] ACPI: SPCR 0x00000000BDFA9D18 000050 (v01 INTEL  S2600JF  06222004 INTL 20090903)
[    0.015050] ACPI: HEST 0x00000000BDF8CF18 0000A8 (v01 INTEL  S2600JF  00000001 INTL 00000001)
[    0.015054] ACPI: BERT 0x00000000BDFA9B98 000030 (v01 INTEL  S2600JF  00000001 INTL 00000001)
[    0.015059] ACPI: ERST 0x00000000BDF8CC98 000230 (v01 INTEL  S2600JF  00000001 INTL 00000001)
[    0.015063] ACPI: EINJ 0x00000000BDFA7C18 000130 (v01 INTEL  S2600JF  00000001 INTL 00000001)
[    0.015068] ACPI: SSDT 0x00000000BDF88018 001729 (v02 INTEL  S2600JF  00000002 INTL 20100331)
[    0.015073] ACPI: SSDT 0x00000000BDFA9C18 000045 (v02 INTEL  S2600JF  00000001 INTL 20100331)
[    0.015077] ACPI: SSDT 0x00000000BDF8BE18 000181 (v02 INTEL  S2600JF  00000003 INTL 20100331)
[    0.015081] ACPI: Reserving FACP table memory at [mem 0xbdfa7918-0xbdfa7a0b]
[    0.015084] ACPI: Reserving DSDT table memory at [mem 0xbdf8d018-0xbdfa5e17]
[    0.015085] ACPI: Reserving FACS table memory at [mem 0xbdfa7f40-0xbdfa7f7f]
[    0.015087] ACPI: Reserving APIC table memory at [mem 0xbdfa6018-0xbdfa6bc1]
[    0.015089] ACPI: Reserving SPMI table memory at [mem 0xbdfa9a98-0xbdfa9ad8]
[    0.015090] ACPI: Reserving FPDT table memory at [mem 0xbdfa9a18-0xbdfa9a5b]
[    0.015092] ACPI: Reserving MCFG table memory at [mem 0xbdfa9f18-0xbdfa9f53]
[    0.015093] ACPI: Reserving WDDT table memory at [mem 0xbdfa9e98-0xbdfa9ed7]
[    0.015095] ACPI: Reserving SRAT table memory at [mem 0xbdf8ac18-0xbdf8aebf]
[    0.015096] ACPI: Reserving SLIT table memory at [mem 0xbdfa9e18-0xbdfa9e47]
[    0.015098] ACPI: Reserving MSCT table memory at [mem 0xbdfa8e18-0xbdfa8ea7]
[    0.015099] ACPI: Reserving HPET table memory at [mem 0xbdfa9d98-0xbdfa9dcf]
[    0.015101] ACPI: Reserving SSDT table memory at [mem 0xbdfa9c98-0xbdfa9cc2]
[    0.015102] ACPI: Reserving SSDT table memory at [mem 0xbddcd018-0xbdea00df]
[    0.015104] ACPI: Reserving DMAR table memory at [mem 0xbdfa7618-0xbdfa771f]
[    0.015105] ACPI: Reserving SPCR table memory at [mem 0xbdfa9d18-0xbdfa9d67]
[    0.015107] ACPI: Reserving HEST table memory at [mem 0xbdf8cf18-0xbdf8cfbf]
[    0.015109] ACPI: Reserving BERT table memory at [mem 0xbdfa9b98-0xbdfa9bc7]
[    0.015110] ACPI: Reserving ERST table memory at [mem 0xbdf8cc98-0xbdf8cec7]
[    0.015112] ACPI: Reserving EINJ table memory at [mem 0xbdfa7c18-0xbdfa7d47]
[    0.015113] ACPI: Reserving SSDT table memory at [mem 0xbdf88018-0xbdf89740]
[    0.015115] ACPI: Reserving SSDT table memory at [mem 0xbdfa9c18-0xbdfa9c5c]
[    0.015116] ACPI: Reserving SSDT table memory at [mem 0xbdf8be18-0xbdf8bf98]
[    0.015174] SRAT: PXM 0 -> APIC 0x00 -> Node 0
[    0.015176] SRAT: PXM 0 -> APIC 0x01 -> Node 0
[    0.015177] SRAT: PXM 0 -> APIC 0x02 -> Node 0
[    0.015179] SRAT: PXM 0 -> APIC 0x03 -> Node 0
[    0.015180] SRAT: PXM 0 -> APIC 0x04 -> Node 0
[    0.015181] SRAT: PXM 0 -> APIC 0x05 -> Node 0
[    0.015183] SRAT: PXM 0 -> APIC 0x06 -> Node 0
[    0.015184] SRAT: PXM 0 -> APIC 0x07 -> Node 0
[    0.015185] SRAT: PXM 0 -> APIC 0x08 -> Node 0
[    0.015186] SRAT: PXM 0 -> APIC 0x09 -> Node 0
[    0.015188] SRAT: PXM 0 -> APIC 0x0a -> Node 0
[    0.015189] SRAT: PXM 0 -> APIC 0x0b -> Node 0
[    0.015190] SRAT: PXM 0 -> APIC 0x0c -> Node 0
[    0.015192] SRAT: PXM 0 -> APIC 0x0d -> Node 0
[    0.015193] SRAT: PXM 0 -> APIC 0x0e -> Node 0
[    0.015194] SRAT: PXM 0 -> APIC 0x0f -> Node 0
[    0.015196] SRAT: PXM 1 -> APIC 0x20 -> Node 1
[    0.015197] SRAT: PXM 1 -> APIC 0x21 -> Node 1
[    0.015198] SRAT: PXM 1 -> APIC 0x22 -> Node 1
[    0.015200] SRAT: PXM 1 -> APIC 0x23 -> Node 1
[    0.015201] SRAT: PXM 1 -> APIC 0x24 -> Node 1
[    0.015202] SRAT: PXM 1 -> APIC 0x25 -> Node 1
[    0.015204] SRAT: PXM 1 -> APIC 0x26 -> Node 1
[    0.015205] SRAT: PXM 1 -> APIC 0x27 -> Node 1
[    0.015206] SRAT: PXM 1 -> APIC 0x28 -> Node 1
[    0.015207] SRAT: PXM 1 -> APIC 0x29 -> Node 1
[    0.015209] SRAT: PXM 1 -> APIC 0x2a -> Node 1
[    0.015210] SRAT: PXM 1 -> APIC 0x2b -> Node 1
[    0.015211] SRAT: PXM 1 -> APIC 0x2c -> Node 1
[    0.015213] SRAT: PXM 1 -> APIC 0x2d -> Node 1
[    0.015214] SRAT: PXM 1 -> APIC 0x2e -> Node 1
[    0.015215] SRAT: PXM 1 -> APIC 0x2f -> Node 1
[    0.015219] ACPI: SRAT: Node 0 PXM 0 [mem 0x00000000-0xbfffffff]
[    0.015222] ACPI: SRAT: Node 0 PXM 0 [mem 0x100000000-0x83fffffff]
[    0.015224] ACPI: SRAT: Node 1 PXM 1 [mem 0x840000000-0x103fffffff]
[    0.015238] NUMA: Initialized distance table, cnt=2
[    0.015240] NUMA: Node 0 [mem 0x00000000-0xbfffffff] + [mem 0x100000000-0x83fffffff] -> [mem 0x00000000-0x83fffffff]
[    0.015254] NODE_DATA(0) allocated [mem 0x83ffd6000-0x83fffffff]
[    0.015283] NODE_DATA(1) allocated [mem 0x103ffd5000-0x103fffefff]
[    0.015840] Zone ranges:
[    0.015842]   DMA      [mem 0x0000000000001000-0x0000000000ffffff]
[    0.015845]   DMA32    [mem 0x0000000001000000-0x00000000ffffffff]
[    0.015847]   Normal   [mem 0x0000000100000000-0x000000103fffffff]
[    0.015850]   Device   empty
[    0.015851] Movable zone start for each node
[    0.015855] Early memory node ranges
[    0.015856]   node   0: [mem 0x0000000000001000-0x000000000009afff]
[    0.015858]   node   0: [mem 0x0000000000100000-0x00000000bad2ffff]
[    0.015861]   node   0: [mem 0x00000000baf81000-0x00000000bafb2fff]
[    0.015862]   node   0: [mem 0x00000000bafc8000-0x00000000bb3d3fff]
[    0.015864]   node   0: [mem 0x00000000bdfaa000-0x00000000bdffffff]
[    0.015865]   node   0: [mem 0x0000000100000000-0x000000083fffffff]
[    0.015871]   node   1: [mem 0x0000000840000000-0x000000103fffffff]
[    0.015877] Initmem setup node 0 [mem 0x0000000000001000-0x000000083fffffff]
[    0.015882] Initmem setup node 1 [mem 0x0000000840000000-0x000000103fffffff]
[    0.015890] On node 0, zone DMA: 1 pages in unavailable ranges
[    0.015944] On node 0, zone DMA: 101 pages in unavailable ranges
[    0.026110] On node 0, zone DMA32: 593 pages in unavailable ranges
[    0.026142] On node 0, zone DMA32: 21 pages in unavailable ranges
[    0.026392] On node 0, zone DMA32: 11222 pages in unavailable ranges
[    0.126834] On node 0, zone Normal: 8192 pages in unavailable ranges
[    0.272676] ACPI: PM-Timer IO Port: 0x408
[    0.272710] ACPI: LAPIC_NMI (acpi_id[0xff] dfl dfl lint[0x1])
[    0.272725] IOAPIC[0]: apic_id 0, version 32, address 0xfec00000, GSI 0-23
[    0.272731] IOAPIC[1]: apic_id 1, version 32, address 0xfec3f000, GSI 24-47
[    0.272737] IOAPIC[2]: apic_id 2, version 32, address 0xfec7f000, GSI 48-71
[    0.272742] ACPI: INT_SRC_OVR (bus 0 bus_irq 0 global_irq 2 dfl dfl)
[    0.272745] ACPI: INT_SRC_OVR (bus 0 bus_irq 9 global_irq 9 high level)
[    0.272752] ACPI: Using ACPI (MADT) for SMP configuration information
[    0.272755] ACPI: HPET id: 0x8086a701 base: 0xfed00000
[    0.272761] ACPI: SPCR: SPCR table version 1
[    0.272764] ACPI: SPCR: console: uart,io,0x3f8,115200
[    0.272767] TSC deadline timer available
[    0.272769] smpboot: Allowing 152 CPUs, 120 hotplug CPUs
[    0.272806] PM: hibernation: Registered nosave memory: [mem 0x00000000-0x00000fff]
[    0.272809] PM: hibernation: Registered nosave memory: [mem 0x0009b000-0x0009bfff]
[    0.272811] PM: hibernation: Registered nosave memory: [mem 0x0009c000-0x0009ffff]
[    0.272813] PM: hibernation: Registered nosave memory: [mem 0x000a0000-0x000dffff]
[    0.272814] PM: hibernation: Registered nosave memory: [mem 0x000e0000-0x000fffff]
[    0.272817] PM: hibernation: Registered nosave memory: [mem 0xbad30000-0xbaf80fff]
[    0.272820] PM: hibernation: Registered nosave memory: [mem 0xbafb3000-0xbafc7fff]
[    0.272824] PM: hibernation: Registered nosave memory: [mem 0xbb3d4000-0xbdd2efff]
[    0.272825] PM: hibernation: Registered nosave memory: [mem 0xbdd2f000-0xbddccfff]
[    0.272827] PM: hibernation: Registered nosave memory: [mem 0xbddcd000-0xbdea0fff]
[    0.272828] PM: hibernation: Registered nosave memory: [mem 0xbdea1000-0xbdf2efff]
[    0.272829] PM: hibernation: Registered nosave memory: [mem 0xbdf2f000-0xbdfa9fff]
[    0.272832] PM: hibernation: Registered nosave memory: [mem 0xbe000000-0xcfffffff]
[    0.272834] PM: hibernation: Registered nosave memory: [mem 0xd0000000-0xfebfffff]
[    0.272835] PM: hibernation: Registered nosave memory: [mem 0xfec00000-0xfec00fff]
[    0.272836] PM: hibernation: Registered nosave memory: [mem 0xfec01000-0xfed18fff]
[    0.272838] PM: hibernation: Registered nosave memory: [mem 0xfed19000-0xfed19fff]
[    0.272839] PM: hibernation: Registered nosave memory: [mem 0xfed1a000-0xfed1bfff]
[    0.272841] PM: hibernation: Registered nosave memory: [mem 0xfed1c000-0xfed1ffff]
[    0.272842] PM: hibernation: Registered nosave memory: [mem 0xfed20000-0xfedfffff]
[    0.272843] PM: hibernation: Registered nosave memory: [mem 0xfee00000-0xfee00fff]
[    0.272845] PM: hibernation: Registered nosave memory: [mem 0xfee01000-0xffa1ffff]
[    0.272846] PM: hibernation: Registered nosave memory: [mem 0xffa20000-0xffffffff]
[    0.272849] [mem 0xd0000000-0xfebfffff] available for PCI devices
[    0.272850] Booting paravirtualized kernel on bare hardware
[    0.272854] clocksource: refined-jiffies: mask: 0xffffffff max_cycles: 0xffffffff, max_idle_ns: 7645519600211568 ns
[    0.272865] setup_percpu: NR_CPUS:8192 nr_cpumask_bits:152 nr_cpu_ids:152 nr_node_ids:2
[    0.286623] percpu: Embedded 62 pages/cpu s217088 r8192 d28672 u262144
[    0.286648] pcpu-alloc: s217088 r8192 d28672 u262144 alloc=1*2097152
[    0.286651] pcpu-alloc: [0] 000 001 002 003 004 005 006 007 
[    0.286659] pcpu-alloc: [0] 016 017 018 019 020 021 022 023 
[    0.286666] pcpu-alloc: [0] 032 034 036 038 040 042 044 046 
[    0.286673] pcpu-alloc: [0] 048 050 052 054 056 058 060 062 
[    0.286680] pcpu-alloc: [0] 064 066 068 070 072 074 076 078 
[    0.286687] pcpu-alloc: [0] 080 082 084 086 088 090 092 094 
[    0.286694] pcpu-alloc: [0] 096 098 100 102 104 106 108 110 
[    0.286701] pcpu-alloc: [0] 112 114 116 118 120 122 124 126 
[    0.286708] pcpu-alloc: [0] 128 130 132 134 136 138 140 142 
[    0.286715] pcpu-alloc: [0] 144 146 148 150 --- --- --- --- 
[    0.286722] pcpu-alloc: [1] 008 009 010 011 012 013 014 015 
[    0.286729] pcpu-alloc: [1] 024 025 026 027 028 029 030 031 
[    0.286736] pcpu-alloc: [1] 033 035 037 039 041 043 045 047 
[    0.286743] pcpu-alloc: [1] 049 051 053 055 057 059 061 063 
[    0.286750] pcpu-alloc: [1] 065 067 069 071 073 075 077 079 
[    0.286757] pcpu-alloc: [1] 081 083 085 087 089 091 093 095 
[    0.286764] pcpu-alloc: [1] 097 099 101 103 105 107 109 111 
[    0.286771] pcpu-alloc: [1] 113 115 117 119 121 123 125 127 
[    0.286778] pcpu-alloc: [1] 129 131 133 135 137 139 141 143 
[    0.286785] pcpu-alloc: [1] 145 147 149 151 --- --- --- --- 
[    0.286905] Built 2 zonelists, mobility grouping on.  Total pages: 16495100
[    0.286908] Policy zone: Normal
[    0.286910] Kernel command line: BOOT_IMAGE=/boot/vmlinuz-5.15.0-116-generic root=UUID=8b9e1980-828f-418f-ae44-80689ca8bd2f ro console=ttyS0,115200
[    0.286974] Unknown kernel command line parameters "BOOT_IMAGE=/boot/vmlinuz-5.15.0-116-generic", will be passed to user space.
[    0.286977] printk: log_buf_len individual max cpu contribution: 4096 bytes
[    0.286978] printk: log_buf_len total cpu_extra contributions: 618496 bytes
[    0.286979] printk: log_buf_len min size: 262144 bytes
[    0.288149] printk: log_buf_len: 1048576 bytes
[    0.288150] printk: early log buf free: 246984(94%)
[    0.292838] mem auto-init: stack:off, heap alloc:on, heap free:off
[    0.516101] Memory: 65741844K/67028344K available (16393K kernel code, 4396K rwdata, 10960K rodata, 3368K init, 18700K bss, 1286240K reserved, 0K cma-reserved)
[    0.517402] SLUB: HWalign=64, Order=0-3, MinObjects=0, CPUs=152, Nodes=2
[    0.517475] Kernel/User page tables isolation: enabled
[    0.517672] ftrace: allocating 50748 entries in 199 pages
[    0.545588] ftrace: allocated 199 pages with 5 groups
[    0.546886] rcu: Hierarchical RCU implementation.
[    0.546889] rcu: 	RCU restricting CPUs from NR_CPUS=8192 to nr_cpu_ids=152.
[    0.546891] 	Rude variant of Tasks RCU enabled.
[    0.546892] 	Tracing variant of Tasks RCU enabled.
[    0.546893] rcu: RCU calculated value of scheduler-enlistment delay is 25 jiffies.
[    0.546895] rcu: Adjusting geometry for rcu_fanout_leaf=16, nr_cpu_ids=152
[    0.552287] NR_IRQS: 524544, nr_irqs: 2456, preallocated irqs: 16
[    0.559939] Console: colour VGA+ 80x25
[    2.122014] printk: console [ttyS0] enabled
[    2.127062] mempolicy: Enabling automatic NUMA balancing. Configure with numa_balancing= or the kernel.numa_balancing sysctl
[    2.139587] ACPI: Core revision 20210730
[    2.144672] clocksource: hpet: mask: 0xffffffff max_cycles: 0xffffffff, max_idle_ns: 133484882848 ns
[    2.154879] APIC: Switch to symmetric I/O mode setup
[    2.160438] DMAR: Host address width 46
[    2.164724] DMAR: DRHD base: 0x000000fbffe000 flags: 0x0
[    2.170668] DMAR: dmar0: reg_base_addr fbffe000 ver 1:0 cap d2078c106f0462 ecap f020fe
[    2.179512] DMAR: DRHD base: 0x000000ebffc000 flags: 0x1
[    2.185463] DMAR: dmar1: reg_base_addr ebffc000 ver 1:0 cap d2078c106f0462 ecap f020fe
[    2.194315] DMAR: RMRR base: 0x000000bdd05000 end: 0x000000bdd29fff
[    2.201325] DMAR: ATSR flags: 0x0
[    2.205029] DMAR-IR: IOAPIC id 2 under DRHD base  0xfbffe000 IOMMU 0
[    2.212127] DMAR-IR: IOAPIC id 0 under DRHD base  0xebffc000 IOMMU 1
[    2.219232] DMAR-IR: IOAPIC id 1 under DRHD base  0xebffc000 IOMMU 1
[    2.226335] DMAR-IR: HPET id 0 under DRHD base 0xebffc000
[    2.232365] DMAR-IR: Queued invalidation will be enabled to support x2apic and Intr-remapping.
[    2.242712] DMAR-IR: Enabled IRQ remapping in x2apic mode
[    2.248745] x2apic enabled
[    2.251789] Switched APIC routing to cluster x2apic.
[    2.258023] ..TIMER: vector=0x30 apic1=0 pin1=2 apic2=-1 pin2=-1
[    2.282907] clocksource: tsc-early: mask: 0xffffffffffffffff max_cycles: 0x2562ffc4186, max_idle_ns: 440795272486 ns
[    2.294663] Calibrating delay loop (skipped), value calculated using timer frequency.. 5187.40 BogoMIPS (lpj=10374812)
[    2.298692] CPU0: Thermal monitoring enabled (TM1)
[    2.302723] process: using mwait in idle threads
[    2.306670] Last level iTLB entries: 4KB 512, 2MB 8, 4MB 8
[    2.310661] Last level dTLB entries: 4KB 512, 2MB 32, 4MB 32, 1GB 0
[    2.314664] Spectre V1 : Mitigation: usercopy/swapgs barriers and __user pointer sanitization
[    2.318663] Spectre V2 : Mitigation: Retpolines
[    2.322661] Spectre V2 : Spectre v2 / SpectreRSB mitigation: Filling RSB on context switch
[    2.326661] Spectre V2 : Spectre v2 / SpectreRSB : Filling RSB on VMEXIT
[    2.330661] Spectre V2 : Enabling Restricted Speculation for firmware calls
[    2.334669] Spectre V2 : mitigation: Enabling conditional Indirect Branch Prediction Barrier
[    2.338661] Spectre V2 : User space: Mitigation: STIBP via seccomp and prctl
[    2.342669] Speculative Store Bypass: Mitigation: Speculative Store Bypass disabled via prctl and seccomp
[    2.346662] MDS: Mitigation: Clear CPU buffers
[    2.350661] MMIO Stale Data: Unknown: No mitigations
[    2.354667] x86/fpu: Supporting XSAVE feature 0x001: 'x87 floating point registers'
[    2.358661] x86/fpu: Supporting XSAVE feature 0x002: 'SSE registers'
[    2.362661] x86/fpu: Supporting XSAVE feature 0x004: 'AVX registers'
[    2.366662] x86/fpu: xstate_offset[2]:  576, xstate_sizes[2]:  256
[    2.370668] x86/fpu: Enabled xstate features 0x7, context size is 832 bytes, using 'standard' format.
[    2.398742] Freeing SMP alternatives memory: 44K
[    2.402669] pid_max: default: 155648 minimum: 1216
[    2.407002] LSM: Security Framework initializing
[    2.410708] landlock: Up and running.
[    2.414661] Yama: becoming mindful.
[    2.418722] AppArmor: AppArmor initialized
[    2.440922] Dentry cache hash table entries: 8388608 (order: 14, 67108864 bytes, vmalloc)
[    2.454622] Inode-cache hash table entries: 4194304 (order: 13, 33554432 bytes, vmalloc)
[    2.455030] Mount-cache hash table entries: 131072 (order: 8, 1048576 bytes, vmalloc)
[    2.458928] Mountpoint-cache hash table entries: 131072 (order: 8, 1048576 bytes, vmalloc)
[    2.470944] smpboot: Estimated ratio of average max frequency by base frequency (times 1024): 1260
[    2.474686] smpboot: CPU0: Intel(R) Xeon(R) CPU E5-2670 0 @ 2.60GHz (family: 0x6, model: 0x2d, stepping: 0x7)
[    2.479071] Performance Events: PEBS fmt1+, SandyBridge events, 16-deep LBR, full-width counters, Intel PMU driver.
[    2.482671] ... version:                3
[    2.486675] ... bit width:              48
[    2.490661] ... generic registers:      4
[    2.494668] ... value mask:             0000ffffffffffff
[    2.498668] ... max period:             00007fffffffffff
[    2.502661] ... fixed-purpose events:   3
[    2.506668] ... event mask:             000000070000000f
[    2.510887] signal: max sigframe size: 1776
[    2.514714] rcu: Hierarchical SRCU implementation.
[    2.531830] NMI watchdog: Enabled. Permanently consumes one hw-PMU counter.
[    2.537453] smp: Bringing up secondary CPUs ...
[    2.538879] x86: Booting SMP configuration:
[    2.542670] .... node  #0, CPUs:          #1   #2   #3   #4   #5   #6   #7
[    2.578672] .... node  #1, CPUs:     #8
[    1.661958] smpboot: CPU 8 Converting physical 0 to logical die 1
[    2.674906]    #9  #10  #11  #12  #13  #14  #15
[    2.718664] .... node  #0, CPUs:    #16
[    2.721797] MDS CPU bug present and SMT on, data leak possible. See https://www.kernel.org/doc/html/latest/admin-guide/hw-vuln/mds.html for more details.
[    2.726954]   #17  #18  #19  #20  #21  #22  #23
[    2.750671] .... node  #1, CPUs:    #24  #25  #26  #27  #28  #29  #30  #31
[    2.783017] smp: Brought up 2 nodes, 32 CPUs
[    2.790664] smpboot: Max logical packages: 10
[    2.794664] smpboot: Total of 32 processors activated (166228.31 BogoMIPS)
[    2.808697] devtmpfs: initialized
[    2.810809] x86/mm: Memory block size: 2048MB
[    2.815301] ACPI: PM: Registering ACPI NVS region [mem 0xbdd2f000-0xbddccfff] (647168 bytes)
[    2.818679] ACPI: PM: Registering ACPI NVS region [mem 0xbdea1000-0xbdf2efff] (581632 bytes)
[    2.822807] clocksource: jiffies: mask: 0xffffffff max_cycles: 0xffffffff, max_idle_ns: 7645041785100000 ns
[    2.827744] futex hash table entries: 65536 (order: 10, 4194304 bytes, vmalloc)
[    2.831340] pinctrl core: initialized pinctrl subsystem
[    2.834854] PM: RTC time: 20:35:28, date: 2024-08-11
[    2.839166] NET: Registered PF_NETLINK/PF_ROUTE protocol family
[    2.843914] DMA: preallocated 4096 KiB GFP_KERNEL pool for atomic allocations
[    2.847529] DMA: preallocated 4096 KiB GFP_KERNEL|GFP_DMA pool for atomic allocations
[    2.851539] DMA: preallocated 4096 KiB GFP_KERNEL|GFP_DMA32 pool for atomic allocations
[    2.854681] audit: initializing netlink subsys (disabled)
[    2.858738] audit: type=2000 audit(1723408525.648:1): state=initialized audit_enabled=0 res=1
[    2.858997] thermal_sys: Registered thermal governor 'fair_share'
[    2.862666] thermal_sys: Registered thermal governor 'bang_bang'
[    2.866663] thermal_sys: Registered thermal governor 'step_wise'
[    2.870662] thermal_sys: Registered thermal governor 'user_space'
[    2.874662] thermal_sys: Registered thermal governor 'power_allocator'
[    2.878681] EISA bus registered
[    2.886213] cpuidle: using governor ladder
[    2.890718] cpuidle: using governor menu
[    2.894741] ACPI FADT declares the system doesn't support PCIe ASPM, so disable it
[    2.898662] ACPI: bus type PCI registered
[    2.902669] acpiphp: ACPI Hot Plug PCI Controller Driver version: 0.5
[    2.906895] PCI: MMCONFIG for domain 0000 [bus 00-ff] at [mem 0xc0000000-0xcfffffff] (base 0xc0000000)
[    2.910672] PCI: MMCONFIG at [mem 0xc0000000-0xcfffffff] reserved in E820
[    2.914693] PCI: Using configuration type 1 for base access
[    2.918695] core: PMU erratum BJ122, BV98, HSD29 worked around, HT is on
[    2.928500] kprobes: kprobe jump-optimization is enabled. All kprobes are optimized if possible.
[    2.930818] HugeTLB registered 1.00 GiB page size, pre-allocated 0 pages
[    2.934664] HugeTLB registered 2.00 MiB page size, pre-allocated 0 pages
[    2.939042] ACPI: Added _OSI(Module Device)
[    2.942673] ACPI: Added _OSI(Processor Device)
[    2.946679] ACPI: Added _OSI(3.0 _SCP Extensions)
[    2.950662] ACPI: Added _OSI(Processor Aggregator Device)
[    2.954668] ACPI: Added _OSI(Linux-Dell-Video)
[    2.958662] ACPI: Added _OSI(Linux-Lenovo-NV-HDMI-Audio)
[    2.962668] ACPI: Added _OSI(Linux-HPI-Hybrid-Graphics)
[    3.166419] ACPI: 6 ACPI AML tables successfully acquired and loaded
[    3.190879] ACPI: [Firmware Bug]: BIOS _OSI(Linux) query ignored
[    3.195265] ACPI: USB4 _OSC: OS supports USB3+ DisplayPort+ PCIe+ XDomain+
[    3.198664] ACPI: USB4 _OSC: OS controls USB3+ DisplayPort+ PCIe+ XDomain+
[    3.225051] ACPI: Interpreter enabled
[    3.226685] ACPI: PM: (supports S0 S1 S5)
[    3.230668] ACPI: Using IOAPIC for interrupt routing
[    3.234775] HEST: Table parsing has been initialized.
[    3.238871] GHES: APEI firmware first mode is enabled by APEI bit and WHEA _OSC.
[    3.242665] PCI: Using host bridge windows from ACPI; if necessary, use "pci=nocrs" and report a bug
[    3.246668] PCI: Using E820 reservations for host bridge windows
[    3.251485] ACPI: Enabled 9 GPEs in block 00 to 3F
[    3.292069] ACPI: PCI Root Bridge [PCI0] (domain 0000 [bus 00-7e])
[    3.294668] acpi PNP0A08:00: _OSC: OS supports [ExtendedConfig ASPM ClockPM Segments MSI EDR HPX-Type3]
[    3.299121] acpi PNP0A08:00: _OSC: platform does not support [SHPCHotplug AER LTR DPC]
[    3.303020] acpi PNP0A08:00: _OSC: OS now controls [PCIeHotplug PME PCIeCapability]
[    3.306668] acpi PNP0A08:00: FADT indicates ASPM is unsupported, using BIOS configuration
[    3.310886] acpi PNP0A08:00: host bridge window expanded to [io  0x0000-0xbfff]; [io  0x0000-0xbfff window] ignored
[    3.314956] PCI host bridge to bus 0000:00
[    3.318680] pci_bus 0000:00: root bus resource [io  0x0000-0xbfff]
[    3.322663] pci_bus 0000:00: root bus resource [bus 00-7e]
[    3.326662] pci_bus 0000:00: root bus resource [mem 0x000a0000-0x000fffff window]
[    3.330667] pci_bus 0000:00: root bus resource [mem 0xd0000000-0xebffffff window]
[    3.334662] pci_bus 0000:00: root bus resource [mem 0x380000000000-0x38007fffffff window]
[    3.338734] pci 0000:00:00.0: [8086:3c00] type 00 class 0x060000
[    3.342736] pci 0000:00:00.0: PME# supported from D0 D3hot D3cold
[    3.346896] pci 0000:00:01.0: [8086:3c02] type 01 class 0x060400
[    3.350757] pci 0000:00:01.0: PME# supported from D0 D3hot D3cold
[    3.354899] pci 0000:00:02.0: [8086:3c04] type 01 class 0x060400
[    3.358748] pci 0000:00:02.0: PME# supported from D0 D3hot D3cold
[    3.362898] pci 0000:00:03.0: [8086:3c08] type 01 class 0x060400
[    3.366695] pci 0000:00:03.0: enabling Extended Tags
[    3.370717] pci 0000:00:03.0: PME# supported from D0 D3hot D3cold
[    3.374840] pci 0000:00:04.0: [8086:3c20] type 00 class 0x088000
[    3.378678] pci 0000:00:04.0: reg 0x10: [mem 0x38007ff80000-0x38007ff83fff 64bit]
[    3.382888] pci 0000:00:04.1: [8086:3c21] type 00 class 0x088000
[    3.386677] pci 0000:00:04.1: reg 0x10: [mem 0x38007ff70000-0x38007ff73fff 64bit]
[    3.390867] pci 0000:00:04.2: [8086:3c22] type 00 class 0x088000
[    3.394677] pci 0000:00:04.2: reg 0x10: [mem 0x38007ff60000-0x38007ff63fff 64bit]
[    3.398879] pci 0000:00:04.3: [8086:3c23] type 00 class 0x088000
[    3.402677] pci 0000:00:04.3: reg 0x10: [mem 0x38007ff50000-0x38007ff53fff 64bit]
[    3.406869] pci 0000:00:04.4: [8086:3c24] type 00 class 0x088000
[    3.410677] pci 0000:00:04.4: reg 0x10: [mem 0x38007ff40000-0x38007ff43fff 64bit]
[    3.414867] pci 0000:00:04.5: [8086:3c25] type 00 class 0x088000
[    3.418677] pci 0000:00:04.5: reg 0x10: [mem 0x38007ff30000-0x38007ff33fff 64bit]
[    3.422871] pci 0000:00:04.6: [8086:3c26] type 00 class 0x088000
[    3.426677] pci 0000:00:04.6: reg 0x10: [mem 0x38007ff20000-0x38007ff23fff 64bit]
[    3.430867] pci 0000:00:04.7: [8086:3c27] type 00 class 0x088000
[    3.434678] pci 0000:00:04.7: reg 0x10: [mem 0x38007ff10000-0x38007ff13fff 64bit]
[    3.438870] pci 0000:00:05.0: [8086:3c28] type 00 class 0x088000
[    3.442876] pci 0000:00:05.2: [8086:3c2a] type 00 class 0x088000
[    3.446863] pci 0000:00:05.4: [8086:3c2c] type 00 class 0x080020
[    3.450673] pci 0000:00:05.4: reg 0x10: [mem 0xd1b60000-0xd1b60fff]
[    3.454907] pci 0000:00:11.0: [8086:1d3e] type 01 class 0x060400
[    3.458774] pci 0000:00:11.0: PME# supported from D0 D3hot D3cold
[    3.462882] pci 0000:00:16.0: [8086:1d3a] type 00 class 0x078000
[    3.466680] pci 0000:00:16.0: reg 0x10: [mem 0xd1b50000-0xd1b5000f 64bit]
[    3.470723] pci 0000:00:16.0: PME# supported from D0 D3hot D3cold
[    3.474833] pci 0000:00:16.1: [8086:1d3b] type 00 class 0x078000
[    3.478691] pci 0000:00:16.1: reg 0x10: [mem 0xd1b40000-0xd1b4000f 64bit]
[    3.482723] pci 0000:00:16.1: PME# supported from D0 D3hot D3cold
[    3.486844] pci 0000:00:1a.0: [8086:1d2d] type 00 class 0x0c0320
[    3.490677] pci 0000:00:1a.0: reg 0x10: [mem 0xd1b20000-0xd1b203ff]
[    3.494744] pci 0000:00:1a.0: PME# supported from D0 D3hot D3cold
[    3.498843] pci 0000:00:1c.0: [8086:1d10] type 01 class 0x060400
[    3.502751] pci 0000:00:1c.0: PME# supported from D0 D3hot D3cold
[    3.506869] pci 0000:00:1c.7: [8086:1d1e] type 01 class 0x060400
[    3.510766] pci 0000:00:1c.7: PME# supported from D0 D3hot D3cold
[    3.514876] pci 0000:00:1d.0: [8086:1d26] type 00 class 0x0c0320
[    3.518678] pci 0000:00:1d.0: reg 0x10: [mem 0xd1b10000-0xd1b103ff]
[    3.522744] pci 0000:00:1d.0: PME# supported from D0 D3hot D3cold
[    3.526859] pci 0000:00:1e.0: [8086:244e] type 01 class 0x060401
[    3.530883] pci 0000:00:1f.0: [8086:1d41] type 00 class 0x060100
[    3.534934] pci 0000:00:1f.2: [8086:1d02] type 00 class 0x010601
[    3.538674] pci 0000:00:1f.2: reg 0x10: [io  0x3070-0x3077]
[    3.542668] pci 0000:00:1f.2: reg 0x14: [io  0x3060-0x3063]
[    3.546668] pci 0000:00:1f.2: reg 0x18: [io  0x3050-0x3057]
[    3.550673] pci 0000:00:1f.2: reg 0x1c: [io  0x3040-0x3043]
[    3.554668] pci 0000:00:1f.2: reg 0x20: [io  0x3020-0x303f]
[    3.558668] pci 0000:00:1f.2: reg 0x24: [mem 0xd1b00000-0xd1b007ff]
[    3.562701] pci 0000:00:1f.2: PME# supported from D3hot
[    3.566831] pci 0000:00:1f.3: [8086:1d22] type 00 class 0x0c0500
[    3.570678] pci 0000:00:1f.3: reg 0x10: [mem 0x38007ff00000-0x38007ff000ff 64bit]
[    3.574681] pci 0000:00:1f.3: reg 0x20: [io  0x3000-0x301f]
[    3.578797] pci 0000:00:01.0: PCI bridge to [bus 01]
[    3.582824] pci 0000:02:00.0: [1077:7322] type 00 class 0x0c0600
[    3.586674] pci 0000:02:00.0: reg 0x10: [mem 0xd1400000-0xd17fffff 64bit]
[    3.590682] pci 0000:02:00.0: reg 0x30: [mem 0xd1800000-0xd181ffff pref]
[    3.594799] pci 0000:00:02.0: PCI bridge to [bus 02]
[    3.598671] pci 0000:00:02.0:   bridge window [mem 0xd1400000-0xd18fffff]
[    3.602772] pci 0000:00:03.0: PCI bridge to [bus 03]
[    3.606757] pci 0000:04:00.0: [8086:1d6b] type 00 class 0x010700
[    3.610684] pci 0000:04:00.0: reg 0x10: [mem 0x38007fc00000-0x38007fc03fff 64bit pref]
[    3.614675] pci 0000:04:00.0: reg 0x18: [mem 0x38007f800000-0x38007fbfffff 64bit pref]
[    3.618670] pci 0000:04:00.0: reg 0x20: [io  0x2000-0x20ff]
[    3.622685] pci 0000:04:00.0: enabling Extended Tags
[    3.626762] pci 0000:04:00.0: reg 0x164: [mem 0x38007fc10000-0x38007fc13fff 64bit pref]
[    3.630662] pci 0000:04:00.0: VF(n) BAR0 space: [mem 0x38007fc10000-0x38007fc8bfff 64bit pref] (contains BAR0 for 31 VFs)
[    3.634899] pci 0000:04:00.3: [8086:1d70] type 00 class 0x0c0500
[    3.638689] pci 0000:04:00.3: reg 0x10: [mem 0xd1a00000-0xd1a00fff]
[    3.642700] pci 0000:04:00.3: reg 0x20: [io  0x2100-0x211f]
[    3.646746] pci 0000:04:00.3: PME# supported from D0 D3hot D3cold
[    3.650789] pci 0000:00:11.0: PCI bridge to [bus 04]
[    3.654665] pci 0000:00:11.0:   bridge window [io  0x2000-0x2fff]
[    3.658664] pci 0000:00:11.0:   bridge window [mem 0xd1a00000-0xd1afffff]
[    3.662667] pci 0000:00:11.0:   bridge window [mem 0x38007f800000-0x38007fcfffff 64bit pref]
[    3.666762] pci 0000:05:00.0: [8086:1521] type 00 class 0x020000
[    3.670686] pci 0000:05:00.0: reg 0x10: [mem 0xd1920000-0xd193ffff]
[    3.674685] pci 0000:05:00.0: reg 0x18: [io  0x1020-0x103f]
[    3.678674] pci 0000:05:00.0: reg 0x1c: [mem 0xd1950000-0xd1953fff]
[    3.682825] pci 0000:05:00.0: PME# supported from D0 D3hot D3cold
[    3.686704] pci 0000:05:00.0: reg 0x184: [mem 0xd19c0000-0xd19c3fff]
[    3.690662] pci 0000:05:00.0: VF(n) BAR0 space: [mem 0xd19c0000-0xd19dffff] (contains BAR0 for 8 VFs)
[    3.694694] pci 0000:05:00.0: reg 0x190: [mem 0xd19a0000-0xd19a3fff]
[    3.698662] pci 0000:05:00.0: VF(n) BAR3 space: [mem 0xd19a0000-0xd19bffff] (contains BAR3 for 8 VFs)
[    3.702926] pci 0000:05:00.1: [8086:1521] type 00 class 0x020000
[    3.706687] pci 0000:05:00.1: reg 0x10: [mem 0xd1900000-0xd191ffff]
[    3.710685] pci 0000:05:00.1: reg 0x18: [io  0x1000-0x101f]
[    3.714674] pci 0000:05:00.1: reg 0x1c: [mem 0xd1940000-0xd1943fff]
[    3.718819] pci 0000:05:00.1: PME# supported from D0 D3hot D3cold
[    3.722702] pci 0000:05:00.1: reg 0x184: [mem 0xd1980000-0xd1983fff]
[    3.726662] pci 0000:05:00.1: VF(n) BAR0 space: [mem 0xd1980000-0xd199ffff] (contains BAR0 for 8 VFs)
[    3.730694] pci 0000:05:00.1: reg 0x190: [mem 0xd1960000-0xd1963fff]
[    3.734669] pci 0000:05:00.1: VF(n) BAR3 space: [mem 0xd1960000-0xd197ffff] (contains BAR3 for 8 VFs)
[    3.738873] pci 0000:00:1c.0: PCI bridge to [bus 05-06]
[    3.742664] pci 0000:00:1c.0:   bridge window [io  0x1000-0x1fff]
[    3.746664] pci 0000:00:1c.0:   bridge window [mem 0xd1900000-0xd19fffff]
[    3.750752] pci 0000:07:00.0: [102b:0522] type 00 class 0x030000
[    3.754692] pci 0000:07:00.0: reg 0x10: [mem 0xea000000-0xeaffffff pref]
[    3.758677] pci 0000:07:00.0: reg 0x14: [mem 0xd1010000-0xd1013fff]
[    3.762677] pci 0000:07:00.0: reg 0x18: [mem 0xd0800000-0xd0ffffff]
[    3.766731] pci 0000:07:00.0: reg 0x30: [mem 0xd1000000-0xd100ffff pref]
[    3.770690] pci 0000:07:00.0: Video device with shadowed ROM at [mem 0x000c0000-0x000dffff]
[    3.774851] pci 0000:00:1c.7: PCI bridge to [bus 07]
[    3.778666] pci 0000:00:1c.7:   bridge window [mem 0xd0800000-0xd10fffff]
[    3.782666] pci 0000:00:1c.7:   bridge window [mem 0xea000000-0xeaffffff 64bit pref]
[    3.786678] pci_bus 0000:08: extended config space not accessible
[    3.790729] pci 0000:00:1e.0: PCI bridge to [bus 08] (subtractive decode)
[    3.794669] pci 0000:00:1e.0:   bridge window [io  0x0000-0xbfff] (subtractive decode)
[    3.798662] pci 0000:00:1e.0:   bridge window [mem 0x000a0000-0x000fffff window] (subtractive decode)
[    3.802662] pci 0000:00:1e.0:   bridge window [mem 0xd0000000-0xebffffff window] (subtractive decode)
[    3.806662] pci 0000:00:1e.0:   bridge window [mem 0x380000000000-0x38007fffffff window] (subtractive decode)
[    3.810700] pci_bus 0000:00: on NUMA node 0
[    3.811621] ACPI: PCI: Interrupt link LNKA configured for IRQ 11
[    3.814741] ACPI: PCI: Interrupt link LNKB configured for IRQ 10
[    3.818734] ACPI: PCI: Interrupt link LNKC configured for IRQ 5
[    3.822733] ACPI: PCI: Interrupt link LNKD configured for IRQ 3
[    3.826740] ACPI: PCI: Interrupt link LNKE configured for IRQ 10
[    3.830739] ACPI: PCI: Interrupt link LNKF configured for IRQ 5
[    3.834735] ACPI: PCI: Interrupt link LNKG configured for IRQ 11
[    3.838733] ACPI: PCI: Interrupt link LNKH configured for IRQ 3
[    3.842900] ACPI: PCI Root Bridge [PCI1] (domain 0000 [bus 80-fe])
[    3.846665] acpi PNP0A08:01: _OSC: OS supports [ExtendedConfig ASPM ClockPM Segments MSI EDR HPX-Type3]
[    3.850894] acpi PNP0A08:01: _OSC: platform does not support [SHPCHotplug AER LTR DPC]
[    3.854887] acpi PNP0A08:01: _OSC: OS now controls [PCIeHotplug PME PCIeCapability]
[    3.858662] acpi PNP0A08:01: FADT indicates ASPM is unsupported, using BIOS configuration
[    3.862980] PCI host bridge to bus 0000:80
[    3.866664] pci_bus 0000:80: root bus resource [bus 80-fe]
[    3.870662] pci_bus 0000:80: root bus resource [io  0x03b0-0x03df window]
[    3.874662] pci_bus 0000:80: root bus resource [io  0xc000-0xffff window]
[    3.878662] pci_bus 0000:80: root bus resource [mem 0x000a0000-0x000bffff window]
[    3.882662] pci_bus 0000:80: root bus resource [mem 0xec000000-0xfbffffff window]
[    3.886664] pci_bus 0000:80: root bus resource [mem 0x380080000000-0x3800ffffffff window]
[    3.890729] pci 0000:80:03.0: [8086:3c08] type 01 class 0x060400
[    3.894700] pci 0000:80:03.0: enabling Extended Tags
[    3.898724] pci 0000:80:03.0: PME# supported from D0 D3hot D3cold
[    3.902818] pci 0000:80:04.0: [8086:3c20] type 00 class 0x088000
[    3.906680] pci 0000:80:04.0: reg 0x10: [mem 0x3800fff70000-0x3800fff73fff 64bit]
[    3.910823] pci 0000:80:04.1: [8086:3c21] type 00 class 0x088000
[    3.914678] pci 0000:80:04.1: reg 0x10: [mem 0x3800fff60000-0x3800fff63fff 64bit]
[    3.918824] pci 0000:80:04.2: [8086:3c22] type 00 class 0x088000
[    3.922678] pci 0000:80:04.2: reg 0x10: [mem 0x3800fff50000-0x3800fff53fff 64bit]
[    3.926819] pci 0000:80:04.3: [8086:3c23] type 00 class 0x088000
[    3.930678] pci 0000:80:04.3: reg 0x10: [mem 0x3800fff40000-0x3800fff43fff 64bit]
[    3.934830] pci 0000:80:04.4: [8086:3c24] type 00 class 0x088000
[    3.938678] pci 0000:80:04.4: reg 0x10: [mem 0x3800fff30000-0x3800fff33fff 64bit]
[    3.942828] pci 0000:80:04.5: [8086:3c25] type 00 class 0x088000
[    3.946679] pci 0000:80:04.5: reg 0x10: [mem 0x3800fff20000-0x3800fff23fff 64bit]
[    3.950819] pci 0000:80:04.6: [8086:3c26] type 00 class 0x088000
[    3.954685] pci 0000:80:04.6: reg 0x10: [mem 0x3800fff10000-0x3800fff13fff 64bit]
[    3.958833] pci 0000:80:04.7: [8086:3c27] type 00 class 0x088000
[    3.962678] pci 0000:80:04.7: reg 0x10: [mem 0x3800fff00000-0x3800fff03fff 64bit]
[    3.966837] pci 0000:80:05.0: [8086:3c28] type 00 class 0x088000
[    3.970824] pci 0000:80:05.2: [8086:3c2a] type 00 class 0x088000
[    3.974820] pci 0000:80:05.4: [8086:3c2c] type 00 class 0x080020
[    3.978674] pci 0000:80:05.4: reg 0x10: [mem 0xec000000-0xec000fff]
[    3.982836] pci 0000:80:03.0: PCI bridge to [bus 81]
[    3.986678] pci_bus 0000:80: on NUMA node 1
[    3.995889] ACPI: PCI Root Bridge [UCR0] (domain 0000 [bus 7f])
[    3.998665] acpi PNP0A03:00: _OSC: OS supports [ExtendedConfig ASPM ClockPM Segments MSI EDR HPX-Type3]
[    4.002707] acpi PNP0A03:00: _OSC: platform does not support [PCIeHotplug SHPCHotplug PME AER]
[    4.006706] acpi PNP0A03:00: _OSC: OS now controls [PCIeCapability LTR DPC]
[    4.010662] acpi PNP0A03:00: FADT indicates ASPM is unsupported, using BIOS configuration
[    4.014752] PCI host bridge to bus 0000:7f
[    4.018663] pci_bus 0000:7f: Unknown NUMA node; performance will be reduced
[    4.022670] pci_bus 0000:7f: root bus resource [bus 7f]
[    4.026674] pci 0000:7f:08.0: [8086:3c80] type 00 class 0x088000
[    4.030742] pci 0000:7f:09.0: [8086:3c90] type 00 class 0x088000
[    4.034732] pci 0000:7f:0a.0: [8086:3cc0] type 00 class 0x088000
[    4.038808] pci 0000:7f:0a.1: [8086:3cc1] type 00 class 0x088000
[    4.046791] pci 0000:7f:0a.2: [8086:3cc2] type 00 class 0x088000
[    4.054787] pci 0000:7f:0a.3: [8086:3cd0] type 00 class 0x088000
[    4.058793] pci 0000:7f:0b.0: [8086:3ce0] type 00 class 0x088000
[    4.066786] pci 0000:7f:0b.3: [8086:3ce3] type 00 class 0x088000
[    4.074776] pci 0000:7f:0c.0: [8086:3ce8] type 00 class 0x088000
[    4.078754] pci 0000:7f:0c.1: [8086:3ce8] type 00 class 0x088000
[    4.086812] pci 0000:7f:0c.2: [8086:3ce8] type 00 class 0x088000
[    4.094789] pci 0000:7f:0c.3: [8086:3ce8] type 00 class 0x088000
[    4.102770] pci 0000:7f:0c.6: [8086:3cf4] type 00 class 0x088000
[    4.106775] pci 0000:7f:0c.7: [8086:3cf6] type 00 class 0x088000
[    4.114777] pci 0000:7f:0d.0: [8086:3ce8] type 00 class 0x088000
[    4.122801] pci 0000:7f:0d.1: [8086:3ce8] type 00 class 0x088000
[    4.126783] pci 0000:7f:0d.2: [8086:3ce8] type 00 class 0x088000
[    4.134789] pci 0000:7f:0d.3: [8086:3ce8] type 00 class 0x088000
[    4.142795] pci 0000:7f:0d.6: [8086:3cf5] type 00 class 0x088000
[    4.150780] pci 0000:7f:0e.0: [8086:3ca0] type 00 class 0x088000
[    4.154796] pci 0000:7f:0e.1: [8086:3c46] type 00 class 0x110100
[    4.162801] pci 0000:7f:0f.0: [8086:3ca8] type 00 class 0x088000
[    4.170824] pci 0000:7f:0f.1: [8086:3c71] type 00 class 0x088000
[    4.174817] pci 0000:7f:0f.2: [8086:3caa] type 00 class 0x088000
[    4.182812] pci 0000:7f:0f.3: [8086:3cab] type 00 class 0x088000
[    4.190803] pci 0000:7f:0f.4: [8086:3cac] type 00 class 0x088000
[    4.194821] pci 0000:7f:0f.5: [8086:3cad] type 00 class 0x088000
[    4.202814] pci 0000:7f:0f.6: [8086:3cae] type 00 class 0x088000
[    4.210787] pci 0000:7f:10.0: [8086:3cb0] type 00 class 0x088000
[    4.218820] pci 0000:7f:10.1: [8086:3cb1] type 00 class 0x088000
[    4.222829] pci 0000:7f:10.2: [8086:3cb2] type 00 class 0x088000
[    4.230814] pci 0000:7f:10.3: [8086:3cb3] type 00 class 0x088000
[    4.238822] pci 0000:7f:10.4: [8086:3cb4] type 00 class 0x088000
[    4.242819] pci 0000:7f:10.5: [8086:3cb5] type 00 class 0x088000
[    4.250846] pci 0000:7f:10.6: [8086:3cb6] type 00 class 0x088000
[    4.258820] pci 0000:7f:10.7: [8086:3cb7] type 00 class 0x088000
[    4.266815] pci 0000:7f:11.0: [8086:3cb8] type 00 class 0x088000
[    4.270797] pci 0000:7f:13.0: [8086:3ce4] type 00 class 0x088000
[    4.278782] pci 0000:7f:13.1: [8086:3c43] type 00 class 0x110100
[    4.286793] pci 0000:7f:13.4: [8086:3ce6] type 00 class 0x110100
[    4.290781] pci 0000:7f:13.5: [8086:3c44] type 00 class 0x110100
[    4.298793] pci 0000:7f:13.6: [8086:3c45] type 00 class 0x088000
[    4.307069] ACPI: PCI Root Bridge [UCR1] (domain 0000 [bus ff])
[    4.314679] acpi PNP0A03:01: _OSC: OS supports [ExtendedConfig ASPM ClockPM Segments MSI EDR HPX-Type3]
[    4.322771] acpi PNP0A03:01: _OSC: platform does not support [PCIeHotplug SHPCHotplug PME AER]
[    4.334759] acpi PNP0A03:01: _OSC: OS now controls [PCIeCapability LTR DPC]
[    4.342664] acpi PNP0A03:01: FADT indicates ASPM is unsupported, using BIOS configuration
[    4.350855] PCI host bridge to bus 0000:ff
[    4.354665] pci_bus 0000:ff: Unknown NUMA node; performance will be reduced
[    4.362674] pci_bus 0000:ff: root bus resource [bus ff]
[    4.366688] pci 0000:ff:08.0: [8086:3c80] type 00 class 0x088000
[    4.374813] pci 0000:ff:09.0: [8086:3c90] type 00 class 0x088000
[    4.382796] pci 0000:ff:0a.0: [8086:3cc0] type 00 class 0x088000
[    4.390785] pci 0000:ff:0a.1: [8086:3cc1] type 00 class 0x088000
[    4.394792] pci 0000:ff:0a.2: [8086:3cc2] type 00 class 0x088000
[    4.402785] pci 0000:ff:0a.3: [8086:3cd0] type 00 class 0x088000
[    4.410782] pci 0000:ff:0b.0: [8086:3ce0] type 00 class 0x088000
[    4.414777] pci 0000:ff:0b.3: [8086:3ce3] type 00 class 0x088000
[    4.422799] pci 0000:ff:0c.0: [8086:3ce8] type 00 class 0x088000
[    4.430784] pci 0000:ff:0c.1: [8086:3ce8] type 00 class 0x088000
[    4.438772] pci 0000:ff:0c.2: [8086:3ce8] type 00 class 0x088000
[    4.442791] pci 0000:ff:0c.3: [8086:3ce8] type 00 class 0x088000
[    4.450780] pci 0000:ff:0c.6: [8086:3cf4] type 00 class 0x088000
[    4.458790] pci 0000:ff:0c.7: [8086:3cf6] type 00 class 0x088000
[    4.462784] pci 0000:ff:0d.0: [8086:3ce8] type 00 class 0x088000
[    4.470784] pci 0000:ff:0d.1: [8086:3ce8] type 00 class 0x088000
[    4.478794] pci 0000:ff:0d.2: [8086:3ce8] type 00 class 0x088000
[    4.482799] pci 0000:ff:0d.3: [8086:3ce8] type 00 class 0x088000
[    4.490794] pci 0000:ff:0d.6: [8086:3cf5] type 00 class 0x088000
[    4.498780] pci 0000:ff:0e.0: [8086:3ca0] type 00 class 0x088000
[    4.506785] pci 0000:ff:0e.1: [8086:3c46] type 00 class 0x110100
[    4.510811] pci 0000:ff:0f.0: [8086:3ca8] type 00 class 0x088000
[    4.518821] pci 0000:ff:0f.1: [8086:3c71] type 00 class 0x088000
[    4.526812] pci 0000:ff:0f.2: [8086:3caa] type 00 class 0x088000
[    4.530834] pci 0000:ff:0f.3: [8086:3cab] type 00 class 0x088000
[    4.538827] pci 0000:ff:0f.4: [8086:3cac] type 00 class 0x088000
[    4.546814] pci 0000:ff:0f.5: [8086:3cad] type 00 class 0x088000
[    4.554811] pci 0000:ff:0f.6: [8086:3cae] type 00 class 0x088000
[    4.558803] pci 0000:ff:10.0: [8086:3cb0] type 00 class 0x088000
[    4.566826] pci 0000:ff:10.1: [8086:3cb1] type 00 class 0x088000
[    4.574829] pci 0000:ff:10.2: [8086:3cb2] type 00 class 0x088000
[    4.578812] pci 0000:ff:10.3: [8086:3cb3] type 00 class 0x088000
[    4.586839] pci 0000:ff:10.4: [8086:3cb4] type 00 class 0x088000
[    4.594813] pci 0000:ff:10.5: [8086:3cb5] type 00 class 0x088000
[    4.602820] pci 0000:ff:10.6: [8086:3cb6] type 00 class 0x088000
[    4.606813] pci 0000:ff:10.7: [8086:3cb7] type 00 class 0x088000
[    4.614802] pci 0000:ff:11.0: [8086:3cb8] type 00 class 0x088000
[    4.622810] pci 0000:ff:13.0: [8086:3ce4] type 00 class 0x088000
[    4.626772] pci 0000:ff:13.1: [8086:3c43] type 00 class 0x110100
[    4.634784] pci 0000:ff:13.4: [8086:3ce6] type 00 class 0x110100
[    4.642798] pci 0000:ff:13.5: [8086:3c44] type 00 class 0x110100
[    4.650781] pci 0000:ff:13.6: [8086:3c45] type 00 class 0x088000
[    4.658705] iommu: Default domain type: Translated 
[    4.662669] iommu: DMA domain TLB invalidation policy: lazy mode 
[    4.671418] SCSI subsystem initialized
[    4.674788] libata version 3.00 loaded.
[    4.674788] pci 0000:07:00.0: vgaarb: setting as boot VGA device
[    4.678661] pci 0000:07:00.0: vgaarb: VGA device added: decodes=io+mem,owns=io+mem,locks=none
[    4.690700] pci 0000:07:00.0: vgaarb: bridge control possible
[    4.698671] vgaarb: loaded
[    4.701751] ACPI: bus type USB registered
[    4.702693] usbcore: registered new interface driver usbfs
[    4.710685] usbcore: registered new interface driver hub
[    4.718783] usbcore: registered new device driver usb
[    4.722726] pps_core: LinuxPPS API ver. 1 registered
[    4.726669] pps_core: Software ver. 5.3.6 - Copyright 2005-2007 Rodolfo Giometti <giometti@linux.it>
[    4.738684] PTP clock support registered
[    4.742889] EDAC MC: Ver: 3.0.0
[    4.747169] NetLabel: Initializing
[    4.750666] NetLabel:  domain hash size = 128
[    4.754664] NetLabel:  protocols = UNLABELED CIPSOv4 CALIPSO
[    4.762722] NetLabel:  unlabeled traffic allowed by default
[    4.770705] PCI: Using ACPI for IRQ routing
[    4.781405] PCI: pci_cache_line_size set to 64 bytes
[    4.781697] e820: reserve RAM buffer [mem 0x0009bc00-0x0009ffff]
[    4.781703] e820: reserve RAM buffer [mem 0xbad30000-0xbbffffff]
[    4.781706] e820: reserve RAM buffer [mem 0xbafb3000-0xbbffffff]
[    4.781710] e820: reserve RAM buffer [mem 0xbb3d4000-0xbbffffff]
[    4.781712] e820: reserve RAM buffer [mem 0xbe000000-0xbfffffff]
[    4.785342] hpet0: at MMIO 0xfed00000, IRQs 2, 8, 0, 0, 0, 0, 0, 0
[    4.790676] hpet0: 8 comparators, 64-bit 14.318180 MHz counter
[    4.800931] clocksource: Switched to clocksource tsc-early
[    4.839967] VFS: Disk quotas dquot_6.6.0
[    4.844584] VFS: Dquot-cache hash table entries: 512 (order 0, 4096 bytes)
[    4.852859] AppArmor: AppArmor Filesystem Enabled
[    4.858235] pnp: PnP ACPI init
[    4.862190] system 00:00: [io  0x0680-0x069f] has been reserved
[    4.868849] system 00:00: [io  0xffff] has been reserved
[    4.874799] system 00:00: [io  0xffff] has been reserved
[    4.880760] system 00:00: [io  0xffff] has been reserved
[    4.886697] system 00:00: [io  0x0400-0x0453] has been reserved
[    4.893323] system 00:00: [io  0x0458-0x047f] has been reserved
[    4.899948] system 00:00: [io  0x0500-0x057f] has been reserved
[    4.906568] system 00:00: [io  0x0600-0x061f] has been reserved
[    4.913187] system 00:00: [io  0x0ca2-0x0ca5] could not be reserved
[    4.920212] system 00:00: [io  0x0cf9] could not be reserved
[    4.926860] system 00:02: [io  0x0454-0x0457] has been reserved
[    4.934141] pnp 00:03: [dma 0 disabled]
[    4.935316] system 00:04: [mem 0xfed1c000-0xfed1ffff] has been reserved
[    4.942726] system 00:04: [mem 0xebfff000-0xebffffff] has been reserved
[    4.950123] system 00:04: [mem 0xc0000000-0xcfffffff] has been reserved
[    4.957540] system 00:04: [mem 0xfed20000-0xfed3ffff] has been reserved
[    4.964941] system 00:04: [mem 0xfed45000-0xfed8ffff] has been reserved
[    4.972350] system 00:04: [mem 0xff000000-0xffffffff] could not be reserved
[    4.980143] system 00:04: [mem 0xfee00000-0xfeefffff] could not be reserved
[    4.987921] system 00:04: [mem 0xfec00000-0xfecfffff] could not be reserved
[    4.995712] system 00:04: [mem 0xd0000000-0xd0000fff] has been reserved
[    5.003415] system 00:05: [mem 0xebffc000-0xebffdfff] could not be reserved
[    5.011965] system 00:06: [mem 0xfbffe000-0xfbffffff] could not be reserved
[    5.019975] system 00:07: [mem 0x00000000-0x0009cfff] could not be reserved
[    5.028803] pnp: PnP ACPI: found 8 devices
[    5.041617] clocksource: acpi_pm: mask: 0xffffff max_cycles: 0xffffff, max_idle_ns: 2085701024 ns
[    5.051869] NET: Registered PF_INET protocol family
[    5.058204] IP idents hash table entries: 262144 (order: 9, 2097152 bytes, vmalloc)
[    5.074229] tcp_listen_portaddr_hash hash table entries: 32768 (order: 7, 524288 bytes, vmalloc)
[    5.084290] Table-perturb hash table entries: 65536 (order: 6, 262144 bytes, vmalloc)
[    5.094622] TCP established hash table entries: 524288 (order: 10, 4194304 bytes, vmalloc)
[    5.105740] TCP bind hash table entries: 65536 (order: 8, 1048576 bytes, vmalloc)
[    5.114327] TCP: Hash tables configured (established 524288 bind 65536)
[    5.123150] MPTCP token hash table entries: 65536 (order: 8, 1572864 bytes, vmalloc)
[    5.132777] UDP hash table entries: 32768 (order: 8, 1048576 bytes, vmalloc)
[    5.141367] UDP-Lite hash table entries: 32768 (order: 8, 1048576 bytes, vmalloc)
[    5.150653] NET: Registered PF_UNIX/PF_LOCAL protocol family
[    5.157013] NET: Registered PF_XDP protocol family
[    5.162447] pci 0000:00:01.0: PCI bridge to [bus 01]
[    5.168022] pci 0000:00:02.0: PCI bridge to [bus 02]
[    5.173577] pci 0000:00:02.0:   bridge window [mem 0xd1400000-0xd18fffff]
[    5.181195] pci 0000:00:03.0: PCI bridge to [bus 03]
[    5.186776] pci 0000:00:11.0: PCI bridge to [bus 04]
[    5.192325] pci 0000:00:11.0:   bridge window [io  0x2000-0x2fff]
[    5.199150] pci 0000:00:11.0:   bridge window [mem 0xd1a00000-0xd1afffff]
[    5.206745] pci 0000:00:11.0:   bridge window [mem 0x38007f800000-0x38007fcfffff 64bit pref]
[    5.216198] pci 0000:00:1c.0: PCI bridge to [bus 05-06]
[    5.222047] pci 0000:00:1c.0:   bridge window [io  0x1000-0x1fff]
[    5.228868] pci 0000:00:1c.0:   bridge window [mem 0xd1900000-0xd19fffff]
[    5.236468] pci 0000:00:1c.7: PCI bridge to [bus 07]
[    5.242022] pci 0000:00:1c.7:   bridge window [mem 0xd0800000-0xd10fffff]
[    5.249609] pci 0000:00:1c.7:   bridge window [mem 0xea000000-0xeaffffff 64bit pref]
[    5.258265] pci 0000:00:1e.0: PCI bridge to [bus 08]
[    5.263831] pci_bus 0000:00: resource 4 [io  0x0000-0xbfff]
[    5.270077] pci_bus 0000:00: resource 5 [mem 0x000a0000-0x000fffff window]
[    5.277765] pci_bus 0000:00: resource 6 [mem 0xd0000000-0xebffffff window]
[    5.285471] pci_bus 0000:00: resource 7 [mem 0x380000000000-0x38007fffffff window]
[    5.293942] pci_bus 0000:02: resource 1 [mem 0xd1400000-0xd18fffff]
[    5.300960] pci_bus 0000:04: resource 0 [io  0x2000-0x2fff]
[    5.307194] pci_bus 0000:04: resource 1 [mem 0xd1a00000-0xd1afffff]
[    5.314208] pci_bus 0000:04: resource 2 [mem 0x38007f800000-0x38007fcfffff 64bit pref]
[    5.323062] pci_bus 0000:05: resource 0 [io  0x1000-0x1fff]
[    5.329288] pci_bus 0000:05: resource 1 [mem 0xd1900000-0xd19fffff]
[    5.336305] pci_bus 0000:07: resource 1 [mem 0xd0800000-0xd10fffff]
[    5.343318] pci_bus 0000:07: resource 2 [mem 0xea000000-0xeaffffff 64bit pref]
[    5.351409] pci_bus 0000:08: resource 4 [io  0x0000-0xbfff]
[    5.357636] pci_bus 0000:08: resource 5 [mem 0x000a0000-0x000fffff window]
[    5.365338] pci_bus 0000:08: resource 6 [mem 0xd0000000-0xebffffff window]
[    5.373028] pci_bus 0000:08: resource 7 [mem 0x380000000000-0x38007fffffff window]
[    5.381783] pci 0000:80:03.0: PCI bridge to [bus 81]
[    5.387382] pci_bus 0000:80: resource 4 [io  0x03b0-0x03df window]
[    5.394303] pci_bus 0000:80: resource 5 [io  0xc000-0xffff window]
[    5.401214] pci_bus 0000:80: resource 6 [mem 0x000a0000-0x000bffff window]
[    5.408903] pci_bus 0000:80: resource 7 [mem 0xec000000-0xfbffffff window]
[    5.416592] pci_bus 0000:80: resource 8 [mem 0x380080000000-0x3800ffffffff window]
[    5.425167] pci 0000:00:05.0: disabled boot interrupts on device [8086:3c28]
[    5.433572] pci 0000:02:00.0: CLS mismatch (64 != 32), using 64 bytes
[    5.440805] pci 0000:80:05.0: disabled boot interrupts on device [8086:3c28]
[    5.448905] Trying to unpack rootfs image as initramfs...
[    5.448907] PCI-DMA: Using software bounce buffering for IO (SWIOTLB)
[    5.462125] software IO TLB: mapped [mem 0x00000000b6d30000-0x00000000bad30000] (64MB)
[    5.476004] Initialise system trusted keyrings
[    5.480989] Key type blacklist registered
[    5.485678] workingset: timestamp_bits=36 max_order=24 bucket_order=0
[    5.494565] zbud: loaded
[    5.498194] squashfs: version 4.0 (2009/01/31) Phillip Lougher
[    5.505107] fuse: init (API version 7.34)
[    5.510049] integrity: Platform Keyring initialized
[    5.526803] Key type asymmetric registered
[    5.531395] Asymmetric key parser 'x509' registered
[    5.536902] Block layer SCSI generic (bsg) driver version 0.4 loaded (major 243)
[    5.545367] io scheduler mq-deadline registered
[    5.552044] pcieport 0000:00:01.0: PME: Signaling with IRQ 25
[    5.558886] pcieport 0000:00:02.0: PME: Signaling with IRQ 26
[    5.565738] pcieport 0000:00:03.0: PME: Signaling with IRQ 27
[    5.572480] pcieport 0000:00:11.0: PME: Signaling with IRQ 28
[    5.579209] pcieport 0000:00:1c.0: PME: Signaling with IRQ 29
[    5.585942] pcieport 0000:00:1c.7: PME: Signaling with IRQ 30
[    5.592960] pcieport 0000:80:03.0: PME: Signaling with IRQ 32
[    5.599874] shpchp: Standard Hot Plug PCI Controller Driver version: 0.4
[    5.607946] Monitor-Mwait will be used to enter C-1 state
[    5.607983] Monitor-Mwait will be used to enter C-2 state
[    5.607992] ACPI: \_SB_.SCK0.CP00: Found 2 idle states
[    5.618918] input: Sleep Button as /devices/LNXSYSTM:00/LNXSYBUS:00/PNP0C0E:00/input/input0
[    5.628496] ACPI: button: Sleep Button [SLPB]
[    5.633485] input: Power Button as /devices/LNXSYSTM:00/LNXPWRBN:00/input/input1
[    5.641837] ACPI: button: Power Button [PWRF]
[    5.747397] ERST: Error Record Serialization Table (ERST) support is initialized.
[    5.755780] pstore: Registered erst as persistent store backend
[    5.762877] Serial: 8250/16550 driver, 32 ports, IRQ sharing enabled
[    5.790683] 00:03: ttyS0 at I/O 0x3f8 (irq = 4, base_baud = 115200) is a 16550A
[    5.806114] Linux agpgart interface v0.103
[    5.842257] loop: module loaded
[    5.846439] tun: Universal TUN/TAP device driver, 1.6
[    5.852195] PPP generic driver version 2.4.2
[    5.857135] VFIO - User Level meta-driver version: 0.3
[    5.863164] ehci_hcd: USB 2.0 'Enhanced' Host Controller (EHCI) Driver
[    5.870458] ehci-pci: EHCI PCI platform driver
[    5.875710] ehci-pci 0000:00:1a.0: EHCI Host Controller
[    5.881543] ehci-pci 0000:00:1a.0: new USB bus registered, assigned bus number 1
[    5.889812] ehci-pci 0000:00:1a.0: debug port 2
[    5.898804] ehci-pci 0000:00:1a.0: irq 22, io mem 0xd1b20000
[    5.918011] ehci-pci 0000:00:1a.0: USB 2.0 started, EHCI 1.00
[    5.924501] usb usb1: New USB device found, idVendor=1d6b, idProduct=0002, bcdDevice= 5.15
[    5.933730] usb usb1: New USB device strings: Mfr=3, Product=2, SerialNumber=1
[    5.941794] usb usb1: Product: EHCI Host Controller
[    5.947229] usb usb1: Manufacturer: Linux 5.15.0-116-generic ehci_hcd
[    5.954427] usb usb1: SerialNumber: 0000:00:1a.0
[    5.959924] hub 1-0:1.0: USB hub found
[    5.964125] hub 1-0:1.0: 2 ports detected
[    5.969241] ehci-pci 0000:00:1d.0: EHCI Host Controller
[    5.975086] ehci-pci 0000:00:1d.0: new USB bus registered, assigned bus number 2
[    5.983370] ehci-pci 0000:00:1d.0: debug port 2
[    5.992376] ehci-pci 0000:00:1d.0: irq 20, io mem 0xd1b10000
[    6.014015] ehci-pci 0000:00:1d.0: USB 2.0 started, EHCI 1.00
[    6.020499] usb usb2: New USB device found, idVendor=1d6b, idProduct=0002, bcdDevice= 5.15
[    6.029728] usb usb2: New USB device strings: Mfr=3, Product=2, SerialNumber=1
[    6.037790] usb usb2: Product: EHCI Host Controller
[    6.043249] usb usb2: Manufacturer: Linux 5.15.0-116-generic ehci_hcd
[    6.050441] usb usb2: SerialNumber: 0000:00:1d.0
[    6.055927] hub 2-0:1.0: USB hub found
[    6.060130] hub 2-0:1.0: 2 ports detected
[    6.064938] ehci-platform: EHCI generic platform driver
[    6.070840] ohci_hcd: USB 1.1 'Open' Host Controller (OHCI) Driver
[    6.077813] ohci-pci: OHCI PCI platform driver
[    6.082857] ohci-platform: OHCI generic platform driver
[    6.088739] uhci_hcd: USB Universal Host Controller Interface driver
[    6.095961] i8042: PNP: No PS/2 controller found.
[    6.101446] mousedev: PS/2 mouse device common for all mice
[    6.107971] rtc_cmos 00:01: RTC can wake from S4
[    6.113577] rtc_cmos 00:01: registered as rtc0
[    6.118611] rtc_cmos 00:01: setting system clock to 2024-08-11T20:35:32 UTC (1723408532)
[    6.127722] rtc_cmos 00:01: alarms up to one month, y3k, 242 bytes nvram
[    6.135271] i2c_dev: i2c /dev entries driver
[    6.143181] device-mapper: core: CONFIG_IMA_DISABLE_HTABLE is disabled. Duplicate IMA measurements will not be recorded in the IMA log.
[    6.156922] device-mapper: uevent: version 1.0.3
[    6.162260] device-mapper: ioctl: 4.45.0-ioctl (2021-03-22) initialised: dm-devel@redhat.com
[    6.171764] platform eisa.0: Probing EISA bus 0
[    6.176833] platform eisa.0: EISA: Cannot allocate resource for mainboard
[    6.184424] platform eisa.0: Cannot allocate resource for EISA slot 1
[    6.191619] platform eisa.0: Cannot allocate resource for EISA slot 2
[    6.198830] platform eisa.0: Cannot allocate resource for EISA slot 3
[    6.206031] platform eisa.0: Cannot allocate resource for EISA slot 4
[    6.213239] platform eisa.0: Cannot allocate resource for EISA slot 5
[    6.220450] platform eisa.0: Cannot allocate resource for EISA slot 6
[    6.227644] platform eisa.0: Cannot allocate resource for EISA slot 7
[    6.234852] platform eisa.0: Cannot allocate resource for EISA slot 8
[    6.242054] platform eisa.0: EISA: Detected 0 cards
[    6.247602] intel_pstate: Intel P-state driver initializing
[    6.265042] Freeing initrd memory: 69376K
[    6.270504] ledtrig-cpu: registered to indicate activity on CPUs
[    6.277814] drop_monitor: Initializing network drop monitor service
[    6.285421] NET: Registered PF_INET6 protocol family
[    6.304292] Segment Routing with IPv6
[    6.308448] In-situ OAM (IOAM) with IPv6
[    6.309984] usb 1-1: new high-speed USB device number 2 using ehci-pci
[    6.312867] NET: Registered PF_PACKET protocol family
[    6.325956] Key type dns_resolver registered
[    6.337026] microcode: sig=0x206d7, pf=0x1, revision=0x71a
[    6.344257] microcode: Microcode Update Driver: v2.2.
[    6.344263] IPI shorthand broadcast: enabled
[    6.354721] sched_clock: Marking stable (4696706557, 1657958124)->(7410414233, -1055749552)
[    6.365692] registered taskstats version 1
[    6.374454] Loading compiled-in X.509 certificates
[    6.381021] Loaded X.509 cert 'Build time autogenerated kernel key: 264a14896862d2befc86a06b1bbc23c22f2bdaaa'
[    6.392801] Loaded X.509 cert 'Canonical Ltd. Live Patch Signing: 14df34d1a87cf37625abec039ef2bf521249b969'
[    6.397983] usb 2-1: new high-speed USB device number 2 using ehci-pci
[    6.404381] Loaded X.509 cert 'Canonical Ltd. Kernel Module Signing: 88f752e560a1e0737e31163a466ad7b70a850c19'
[    6.422177] blacklist: Loading compiled-in revocation X.509 certificates
[    6.429689] Loaded X.509 cert 'Canonical Ltd. Secure Boot Signing: 61482aa2830d0ab2ad5af10b7250da9033ddcef0'
[    6.440711] Loaded X.509 cert 'Canonical Ltd. Secure Boot Signing (2017): 242ade75ac4a15e50d50c84b0d45ff3eae707a03'
[    6.452412] Loaded X.509 cert 'Canonical Ltd. Secure Boot Signing (ESM 2018): 365188c1d374d6b07c3c8f240f8ef722433d6a8b'
[    6.464492] Loaded X.509 cert 'Canonical Ltd. Secure Boot Signing (2019): c0746fd6c5da3ae827864651ad66ae47fe24b3e8'
[    6.476184] Loaded X.509 cert 'Canonical Ltd. Secure Boot Signing (2021 v1): a8d54bbb3825cfb94fa13c9f8a594a195c107b8d'
[    6.482335] usb 1-1: New USB device found, idVendor=8087, idProduct=0024, bcdDevice= 0.00
[    6.488176] Loaded X.509 cert 'Canonical Ltd. Secure Boot Signing (2021 v2): 4cf046892d6fd3c9a5b03f98d845f90851dc6a8c'
[    6.497287] usb 1-1: New USB device strings: Mfr=0, Product=0, SerialNumber=0
[    6.509321] Loaded X.509 cert 'Canonical Ltd. Secure Boot Signing (2021 v3): 100437bb6de6e469b581e61cd66bce3ef4ed53af'
[    6.517312] tsc: Refined TSC clocksource calibration: 2593.778 MHz
[    6.529233] Loaded X.509 cert 'Canonical Ltd. Secure Boot Signing (Ubuntu Core 2019): c1d57b8f6b743f23ee41f4f7ee292f06eecadfb9'
[    6.536202] clocksource: tsc: mask: 0xffffffffffffffff max_cycles: 0x256346bf960, max_idle_ns: 440795331812 ns
[    6.558746] zswap: loaded using pool lzo/zbud
[    6.565119] hub 1-1:1.0: USB hub found
[    6.569345] clocksource: Switched to clocksource tsc
[    6.570350] usb 2-1: New USB device found, idVendor=8087, idProduct=0024, bcdDevice= 0.00
[    6.574891] hub 1-1:1.0: 6 ports detected
[    6.584024] usb 2-1: New USB device strings: Mfr=0, Product=0, SerialNumber=0
[    6.596924] hub 2-1:1.0: USB hub found
[    6.601193] hub 2-1:1.0: 8 ports detected
[    6.614110] Key type .fscrypt registered
[    6.618498] Key type fscrypt-provisioning registered
[    6.624244] pstore: Using crash dump compression: deflate
[    6.636742] Key type encrypted registered
[    6.641228] AppArmor: AppArmor sha1 policy hashing enabled
[    6.647382] ima: No TPM chip found, activating TPM-bypass!
[    6.653522] Loading compiled-in module X.509 certificates
[    6.660261] Loaded X.509 cert 'Build time autogenerated kernel key: 264a14896862d2befc86a06b1bbc23c22f2bdaaa'
[    6.671351] ima: Allocated hash algorithm: sha1
[    6.676418] ima: No architecture policies found
[    6.681497] evm: Initialising EVM extended attributes:
[    6.687231] evm: security.selinux
[    6.690934] evm: security.SMACK64
[    6.694633] evm: security.SMACK64EXEC
[    6.698730] evm: security.SMACK64TRANSMUTE
[    6.703311] evm: security.SMACK64MMAP
[    6.707415] evm: security.apparmor
[    6.711227] evm: security.ima
[    6.714541] evm: security.capability
[    6.718545] evm: HMAC attrs: 0x1
[    6.722705] PM:   Magic number: 4:989:598
[    6.727723] RAS: Correctable Errors collector initialized.
[    6.733882] clk: Disabling unused clocks
[    6.740177] Freeing unused decrypted memory: 2036K
[    6.746633] Freeing unused kernel image (initmem) memory: 3368K
[    6.753354] Write protecting the kernel read-only data: 30720k
[    6.760969] Freeing unused kernel image (text/rodata gap) memory: 2036K
[    6.769129] Freeing unused kernel image (rodata/data gap) memory: 1328K
[    6.826652] x86/mm: Checked W+X mappings: passed, no W+X pages found.
[    6.833866] x86/mm: Checking user space page tables
[    6.886124] x86/mm: Checked W+X mappings: passed, no W+X pages found.
[    6.893331] Run /init as init process
[    6.897433]   with arguments:
[    6.897434]     /init
[    6.897448]   with environment:
[    6.897449]     HOME=/
[    6.897450]     TERM=linux
[    6.897451]     BOOT_IMAGE=/boot/vmlinuz-5.15.0-116-generic
[    7.030282] usb 2-1-port1: over-current condition
[    7.073489] acpi PNP0C14:00: duplicate WMI GUID 0E7AF9F2-44A1-4C6F-A4B0-A7678480DA61 (first instance was on PNP0C14:00)
[    7.085542] acpi PNP0C14:00: duplicate WMI GUID 0E7AF9F2-44A1-4C6F-A4B0-A7678480DA61 (first instance was on PNP0C14:00)
[    7.098694] dca service started, version 1.12.1
[    7.099044] i801_smbus 0000:00:1f.3: SMBus using PCI interrupt
[    7.111779] i2c i2c-0: 8/8 memory slots populated (from DMI)
[    7.117980] usb 2-1.4: new full-speed USB device number 3 using ehci-pci
[    7.118116] i2c i2c-0: Systems with more than 4 memory slots not supported yet, not instantiating SPD
[    7.136082] i801_smbus 0000:04:00.3: Enabling SMBus device
[    7.142234] i801_smbus 0000:04:00.3: SMBus using PCI interrupt
[    7.148813] ahci 0000:00:1f.2: version 3.0
[    7.149597] igb: Intel(R) Gigabit Ethernet Network Driver
[    7.155633] igb: Copyright (c) 2007-2014 Intel Corporation.
[    7.159200] ahci 0000:00:1f.2: AHCI 0001.0300 32 slots 6 ports 6 Gbps 0x3f impl SATA mode
[    7.171021] ahci 0000:00:1f.2: flags: 64bit ncq sntf pm led clo pio slum part ems apst 
[    7.226190] isci: Intel(R) C600 SAS Controller Driver - version 1.2.0
[    7.233516] isci 0000:04:00.0: driver configured for rev: 6 silicon
[    7.240551] isci 0000:04:00.0: OEM parameter table found in OROM
[    7.249795] isci 0000:04:00.0: OEM SAS parameters (version: 1.1) loaded (platform)
[    7.255474] usb 2-1.4: New USB device found, idVendor=046b, idProduct=ff10, bcdDevice= 1.00
[    7.258993] scsi host0: ahci
[    7.267586] usb 2-1.4: New USB device strings: Mfr=1, Product=2, SerialNumber=3
[    7.271222] igb 0000:05:00.0: added PHC on eth0
[    7.278957] usb 2-1.4: Product: Virtual Keyboard and Mouse
[    7.278958] usb 2-1.4: Manufacturer: American Megatrends Inc.
[    7.278960] usb 2-1.4: SerialNumber: serial
[    7.284050] igb 0000:05:00.0: Intel(R) Gigabit Ethernet Network Connection
[    7.308917] igb 0000:05:00.0: eth0: (PCIe:5.0Gb/s:Width x4) 00:1e:67:69:c6:1b
[    7.316976] igb 0000:05:00.0: eth0: PBA No: 100000-000
[    7.322724] igb 0000:05:00.0: Using MSI-X interrupts. 8 rx queue(s), 8 tx queue(s)
[    7.331376] hid: raw HID events driver (C) Jiri Kosina
[    7.331639] isci 0000:04:00.0: SCU controller 0: phy 3-0 cables: {short, short, short, short}
[    7.348722] scsi host1: ahci
[    7.352415] scsi host3: ahci
[    7.355885] scsi host4: ahci
[    7.357556] usbcore: registered new interface driver usbhid
[    7.359517] scsi host5: ahci
[    7.365356] usbhid: USB HID core driver
[    7.368899] scsi host2: isci
[    7.376261] scsi host6: ahci
[    7.380181] input: American Megatrends Inc. Virtual Keyboard and Mouse as /devices/pci0000:00/0000:00:1d.0/usb2/2-1/2-1.4/2-1.4:1.0/0003:046B:FF10.0001/input/input2
[    7.389855] ata1: SATA max UDMA/133 abar m2048@0xd1b00000 port 0xd1b00100 irq 33
[    7.396930] hid-generic 0003:046B:FF10.0001: input,hidraw0: USB HID v1.10 Keyboard [American Megatrends Inc. Virtual Keyboard and Mouse] on usb-0000:00:1d.0-1.4/input0
[    7.404858] ata2: SATA max UDMA/133 abar m2048@0xd1b00000 port 0xd1b00180 irq 33
[    7.404878] ata3: SATA max UDMA/133 abar m2048@0xd1b00000 port 0xd1b00200 irq 33
[    7.404880] ata4: SATA max UDMA/133 abar m2048@0xd1b00000 port 0xd1b00280 irq 33
[    7.404882] ata5: SATA max UDMA/133 abar m2048@0xd1b00000 port 0xd1b00300 irq 33
[    7.404884] ata6: SATA max UDMA/133 abar m2048@0xd1b00000 port 0xd1b00380 irq 33
[    7.421729] input: American Megatrends Inc. Virtual Keyboard and Mouse as /devices/pci0000:00/0000:00:1d.0/usb2/2-1/2-1.4/2-1.4:1.1/0003:046B:FF10.0002/input/input3
[    7.451740] igb 0000:05:00.1: added PHC on eth1
[    7.454941] hid-generic 0003:046B:FF10.0002: input,hidraw1: USB HID v1.10 Mouse [American Megatrends Inc. Virtual Keyboard and Mouse] on usb-0000:00:1d.0-1.4/input1
[    7.462975] igb 0000:05:00.1: Intel(R) Gigabit Ethernet Network Connection
[    7.508519] igb 0000:05:00.1: eth1: (PCIe:5.0Gb/s:Width x4) 00:1e:67:69:c6:1c
[    7.516592] igb 0000:05:00.1: eth1: PBA No: 100000-000
[    7.522330] igb 0000:05:00.1: Using MSI-X interrupts. 8 rx queue(s), 8 tx queue(s)
[    7.744920] ata1: SATA link down (SStatus 0 SControl 300)
[    7.751001] ata6: SATA link down (SStatus 0 SControl 300)
[    7.757084] ata5: SATA link down (SStatus 0 SControl 300)
[    7.763153] ata2: SATA link up 6.0 Gbps (SStatus 133 SControl 300)
[    7.770092] ata3: SATA link down (SStatus 0 SControl 300)
[    7.776170] ata4: SATA link down (SStatus 0 SControl 300)
[    7.782374] ata2.00: ATA-11: PNY CS900 240GB SSD, CS900B12, max UDMA/133
[    7.790022] ata2.00: 468862128 sectors, multi 16: LBA48 NCQ (depth 32), AA
[    7.798221] ata2.00: configured for UDMA/133
[    7.803099] scsi: waiting for bus probes to complete ...
[    7.851496] scsi 1:0:0:0: Direct-Access     ATA      PNY CS900 240GB  0B12 PQ: 0 ANSI: 5
[    7.860946] sd 1:0:0:0: Attached scsi generic sg0 type 0
[    7.861279] sd 1:0:0:0: [sda] 468862128 512-byte logical blocks: (240 GB/224 GiB)
[    7.875285] sd 1:0:0:0: [sda] Write Protect is off
[    7.880652] sd 1:0:0:0: [sda] Mode Sense: 00 3a 00 00
[    7.880686] sd 1:0:0:0: [sda] Write cache: enabled, read cache: enabled, doesn't support DPO or FUA
[    7.895171]  sda: sda1 sda2 sda3 sda4
[    7.899689] sd 1:0:0:0: [sda] Attached SCSI disk
[    7.908387] igb 0000:05:00.0 eno1: renamed from eth0
[    7.958486] igb 0000:05:00.1 eno2: renamed from eth1
[    8.104397] EXT4-fs (sda1): mounting ext3 file system using the ext4 subsystem
[    8.120261] EXT4-fs (sda1): mounted filesystem with ordered data mode. Opts: (null). Quota mode: none.
[    8.305574] systemd[1]: Inserted module 'autofs4'
[    8.338988] systemd[1]: systemd 249.11-0ubuntu3.12 running in system mode (+PAM +AUDIT +SELINUX +APPARMOR +IMA +SMACK +SECCOMP +GCRYPT +GNUTLS +OPENSSL +ACL +BLKID +CURL +ELFUTILS +FIDO2 +IDN2 -IDN +IPTC +KMOD +LIBCRYPTSETUP +LIBFDISK +PCRE2 -PWQUALITY -P11KIT -QRENCODE +BZIP2 +LZ4 +XZ +ZLIB +ZSTD -XKBCOMMON +UTMP +SYSVINIT default-hierarchy=unified)
[    8.390251] systemd[1]: Detected architecture x86-64.
[    8.410425] systemd[1]: Hostname set to <localhost>.
[    8.419848] random: systemd: uninitialized urandom read (16 bytes read)
[    8.427267] systemd[1]: Initializing machine ID from random generator.
[    8.434626] systemd[1]: Installed transient /etc/machine-id file.
[    8.540293] random: lvmconfig: uninitialized urandom read (4 bytes read)
[   11.635832] systemd-fstab-generator[532]: Finished mkswap default Emulab swap partition /dev/sda3 (new uuid 449a6862-5821-11ef-9751-c99f60c5b042)!
[   11.659342] systemd-fstab-generator[532]: Created/mkswap default Emulab swap partition /dev/sda3 (449a6862-5821-11ef-9751-c99f60c5b042)
[   11.696000] systemd[1]: Configuration file /run/systemd/system/netplan-ovs-cleanup.service is marked world-inaccessible. This has no effect as configuration data is accessible via APIs without restrictions. Proceeding anyway.
[   11.737163] systemd[1]: /etc/systemd/system/pubsubd.service:12: PIDFile= references a path below legacy directory /var/run/, updating /var/run/pubsubd.pid  /run/pubsubd.pid; please update the unit file accordingly.
[   11.802414] random: systemd: uninitialized urandom read (16 bytes read)
[   11.810672] systemd[1]: Queued start job for default target Graphical Interface.
[   11.819189] random: systemd: uninitialized urandom read (16 bytes read)
[   11.829168] systemd[1]: Created slice Slice /system/modprobe.
[   11.854074] random: systemd: uninitialized urandom read (16 bytes read)
[   11.862054] systemd[1]: Created slice Slice /system/serial-getty.
[   11.886640] systemd[1]: Created slice User and Session Slice.
[   11.910176] systemd[1]: Started Dispatch Password Requests to Console Directory Watch.
[   11.938131] systemd[1]: Started Forward Password Requests to Wall Directory Watch.
[   11.966470] systemd[1]: Set up automount Arbitrary Executable File Formats File System Automount Point.
[   11.994215] systemd[1]: Reached target Local Encrypted Volumes.
[   12.018258] systemd[1]: Reached target User and Group Name Lookups.
[   12.042168] systemd[1]: Reached target Path Units.
[   12.062206] systemd[1]: Reached target Slice Units.
[   12.082210] systemd[1]: Reached target Local Verity Protected Volumes.
[   12.106366] systemd[1]: Listening on Device-mapper event daemon FIFOs.
[   12.134549] systemd[1]: Listening on LVM2 poll daemon socket.
[   12.164901] systemd[1]: Listening on RPCbind Server Activation Socket.
[   12.190460] systemd[1]: Listening on Syslog Socket.
[   12.210478] systemd[1]: Listening on fsck to fsckd communication Socket.
[   12.238339] systemd[1]: Listening on initctl Compatibility Named Pipe.
[   12.262716] systemd[1]: Listening on Journal Audit Socket.
[   12.286505] systemd[1]: Listening on Journal Socket (/dev/log).
[   12.310530] systemd[1]: Listening on Journal Socket.
[   12.330553] systemd[1]: Listening on udev Control Socket.
[   12.354440] systemd[1]: Listening on udev Kernel Socket.
[   12.381003] systemd[1]: Mounting Huge Pages File System...
[   12.404196] systemd[1]: Mounting POSIX Message Queue File System...
[   12.428240] systemd[1]: Mounting Kernel Debug File System...
[   12.452900] systemd[1]: Mounting Kernel Trace File System...
[   12.479536] systemd[1]: Starting Journal Service...
[   12.498160] systemd[1]: Condition check resulted in Kernel Module supporting RPCSEC_GSS being skipped.
[   12.510182] systemd[1]: Starting Set the console keyboard layout...
[   12.535640] systemd[1]: Starting Create List of Static Device Nodes...
[   12.558985] systemd[1]: Starting Monitoring of LVM2 mirrors, snapshots etc. using dmeventd or progress polling...
[   12.591780] systemd[1]: Starting Load Kernel Module configfs...
[   12.616297] systemd[1]: Starting Load Kernel Module drm...
[   12.639831] systemd[1]: Starting Load Kernel Module efi_pstore...
[   12.663660] systemd[1]: Starting Load Kernel Module fuse...
[   12.686133] systemd[1]: Condition check resulted in OpenVSwitch configuration for cleanup being skipped.
[   12.696912] systemd[1]: Condition check resulted in File System Check on Root Device being skipped.
[   12.709581] systemd[1]: Starting Load Kernel Modules...
[   12.731560] systemd[1]: Starting Remount Root and Kernel File Systems...
[   12.740553] EXT4-fs (sda1): re-mounted. Opts: errors=remount-ro. Quota mode: none.
[   12.767954] systemd[1]: Starting Coldplug All udev Devices...
[   12.792295] systemd[1]: Started Journal Service.
[   13.068070] random: systemd-journal: uninitialized urandom read (16 bytes read)
[   13.068447] random: systemd: uninitialized urandom read (16 bytes read)
[   13.085498] random: systemd-journal: uninitialized urandom read (16 bytes read)
[   13.135455] systemd-journald[654]: Received client request to flush runtime journal.
[   13.645695] RPC: Registered named UNIX socket transport module.
[   13.645699] RPC: Registered udp transport module.
[   13.645700] RPC: Registered tcp transport module.
[   13.645701] RPC: Registered tcp NFSv4.1 backchannel transport module.
[   13.951783] ioatdma: Intel(R) QuickData Technology Driver 5.00
[   13.961441] IPMI message handler: version 39.2
[   13.964814] mei_me 0000:00:16.0: Device doesn't have valid ME Interface
[   13.967242] ipmi device interface
[   13.970563] igb 0000:05:00.0: DCA enabled
[   13.970860] igb 0000:05:00.1: DCA enabled
[   13.975443] ipmi_si: IPMI System Interface driver
[   13.975566] ipmi_si dmi-ipmi-si.0: ipmi_platform: probing via SMBIOS
[   13.975571] ipmi_platform: ipmi_si: SMBIOS: io 0xca2 regsize 1 spacing 1 irq 0
[   13.975576] ipmi_si: Adding SMBIOS-specified kcs state machine
[   13.975967] ipmi_si: Trying SMBIOS-specified kcs state machine at i/o address 0xca2, slave address 0x20, irq 0
[   13.997515] RAPL PMU: API unit is 2^-32 Joules, 3 fixed counters, 163840 ms ovfl timer
[   13.997521] RAPL PMU: hw unit of domain pp0-core 2^-16 Joules
[   13.997523] RAPL PMU: hw unit of domain package 2^-16 Joules
[   13.997524] RAPL PMU: hw unit of domain dram 2^-16 Joules
[   14.002766] cryptd: max_cpu_qlen set to 1000
[   14.014713] mgag200 0000:07:00.0: vgaarb: deactivate vga console
[   14.016115] Console: switching to colour dummy device 80x25
[   14.017813] AVX version of gcm_enc/dec engaged.
[   14.017883] AES CTR mode by8 optimization enabled
[   14.025848] ib_qib 0000:02:00.0: Unable to enable pcie error reporting: -5
[   14.042335] ib_qib 0000:02:00.0: DCA enabled
[   14.042341] ib_qib 0000:02:00.0: set notifier irq 63 rcv 0 notify (____ptrval____)
[   14.042344] ib_qib 0000:02:00.0: set notifier irq 64 rcv 0 notify (____ptrval____)
[   14.042346] ib_qib 0000:02:00.0: set notifier irq 65 rcv 0 notify (____ptrval____)
[   14.042348] ib_qib 0000:02:00.0: set notifier irq 67 rcv 1 notify (____ptrval____)
[   14.042506] [drm] Initialized mgag200 1.0.0 20110418 for 0000:07:00.0 on minor 0
[   14.068533] fbcon: mgag200drmfb (fb0) is primary device
[   14.070284] mgag200 0000:07:00.0: [drm] drm_plane_enable_fb_damage_clips() not called
[   14.154772] Console: switching to colour frame buffer device 128x48
[   14.177560] mgag200 0000:07:00.0: [drm] fb0: mgag200drmfb frame buffer device
[   14.194110] random: systemd: uninitialized urandom read (16 bytes read)
[   14.195864] random: systemd-journal: uninitialized urandom read (16 bytes read)
[   14.200071] Adding 3145724k swap on /dev/sda3.  Priority:-2 extents:1 across:3145724k SSFS
[   14.206677] EDAC sbridge: Seeking for: PCI ID 8086:3ca0
[   14.206702] EDAC sbridge: Seeking for: PCI ID 8086:3ca0
[   14.206718] EDAC sbridge: Seeking for: PCI ID 8086:3ca0
[   14.206724] EDAC sbridge: Seeking for: PCI ID 8086:3ca8
[   14.206732] EDAC sbridge: Seeking for: PCI ID 8086:3ca8
[   14.206738] EDAC sbridge: Seeking for: PCI ID 8086:3ca8
[   14.206741] EDAC sbridge: Seeking for: PCI ID 8086:3c71
[   14.206748] EDAC sbridge: Seeking for: PCI ID 8086:3c71
[   14.206754] EDAC sbridge: Seeking for: PCI ID 8086:3c71
[   14.206757] EDAC sbridge: Seeking for: PCI ID 8086:3caa
[   14.206765] EDAC sbridge: Seeking for: PCI ID 8086:3caa
[   14.206771] EDAC sbridge: Seeking for: PCI ID 8086:3caa
[   14.206774] EDAC sbridge: Seeking for: PCI ID 8086:3cab
[   14.206781] EDAC sbridge: Seeking for: PCI ID 8086:3cab
[   14.206787] EDAC sbridge: Seeking for: PCI ID 8086:3cab
[   14.206790] EDAC sbridge: Seeking for: PCI ID 8086:3cac
[   14.206796] EDAC sbridge: Seeking for: PCI ID 8086:3cac
[   14.206802] EDAC sbridge: Seeking for: PCI ID 8086:3cac
[   14.206805] EDAC sbridge: Seeking for: PCI ID 8086:3cad
[   14.206812] EDAC sbridge: Seeking for: PCI ID 8086:3cad
[   14.206818] EDAC sbridge: Seeking for: PCI ID 8086:3cad
[   14.206820] EDAC sbridge: Seeking for: PCI ID 8086:3cb8
[   14.206827] EDAC sbridge: Seeking for: PCI ID 8086:3cb8
[   14.206833] EDAC sbridge: Seeking for: PCI ID 8086:3cb8
[   14.206835] EDAC sbridge: Seeking for: PCI ID 8086:3cf4
[   14.206841] EDAC sbridge: Seeking for: PCI ID 8086:3cf4
[   14.206846] EDAC sbridge: Seeking for: PCI ID 8086:3cf4
[   14.206849] EDAC sbridge: Seeking for: PCI ID 8086:3cf6
[   14.206855] EDAC sbridge: Seeking for: PCI ID 8086:3cf6
[   14.206861] EDAC sbridge: Seeking for: PCI ID 8086:3cf6
[   14.206864] EDAC sbridge: Seeking for: PCI ID 8086:3cf5
[   14.206870] EDAC sbridge: Seeking for: PCI ID 8086:3cf5
[   14.206876] EDAC sbridge: Seeking for: PCI ID 8086:3cf5
[   14.206984] EDAC MC0: Giving out device to module sb_edac controller Sandy Bridge SrcID#0_Ha#0: DEV 0000:7f:0e.0 (INTERRUPT)
[   14.207086] EDAC MC1: Giving out device to module sb_edac controller Sandy Bridge SrcID#1_Ha#0: DEV 0000:ff:0e.0 (INTERRUPT)
[   14.207089] EDAC sbridge:  Ver: 1.1.2 
[   14.239317] intel_rapl_common: Found RAPL domain package
[   14.239321] intel_rapl_common: Found RAPL domain core
[   14.239324] intel_rapl_common: Found RAPL domain dram
[   14.239866] intel_rapl_common: Found RAPL domain package
[   14.239869] intel_rapl_common: Found RAPL domain core
[   14.239873] intel_rapl_common: Found RAPL domain dram
[   14.361653] ipmi_si dmi-ipmi-si.0: IPMI message handler: Found new BMC (man_id: 0x000157, prod_id: 0x004d, dev_id: 0x21)
[   14.446232] ib_qib 0000:02:00.0: qib0: Reserving QPNs from 0x656b78 to 0x656b78 for non-verbs use
[   14.467427] ib_qib 0000:02:00.0: qib0: Registration with rdmavt done.
[   14.521928] ipmi_si dmi-ipmi-si.0: IPMI kcs interface initialized
[   14.709970] random: crng init done
[   14.709974] random: 240 urandom warning(s) missed due to ratelimiting
[   18.931419] igb 0000:05:00.0 eno1: igb: eno1 NIC Link is Up 1000 Mbps Full Duplex, Flow Control: RX
[   18.931652] IPv6: ADDRCONF(NETDEV_CHANGE): eno1: link becomes ready
[   19.454185] ib_qib IB0:1 Turning LOS off
[   20.815413] ib_qib 0000:02:00.0: IB0:1 got a lid: 0x31
[   24.563572] ipod: loading out-of-tree module taints kernel.
[   24.563615] ipod: module verification failed: signature and/or required key missing - tainting kernel
[   24.564185] initializing IPOD
[   24.687244] ib_qib 0000:02:00.0: sdma 0 cpu 20 dca 1f00400100
[   24.687350] ib_qib 0000:02:00.0: sdma 0 cpu 3 dca 1f00400100
[   24.687422] ib_qib 0000:02:00.0: Ctxt 0 cpu 18 dca 4001000040011f
[   24.687463] ib_qib 0000:02:00.0: sdma 0 cpu 7 dca 1f00400100
[   26.053787] FS-Cache: Loaded
[   26.093194] FS-Cache: Netfs 'nfs' registered for caching
[  154.829598] audit: type=1400 audit(1723408680.604:2): apparmor="DENIED" operation="change_onexec" info="label not found" error=-2 profile="unconfined" name="ubuntu_pro_apt_news" pid=2126 comm="(python3)"
[  154.832544] audit: type=1400 audit(1723408680.608:3): apparmor="DENIED" operation="change_onexec" info="label not found" error=-2 profile="unconfined" name="ubuntu_pro_esm_cache" pid=2127 comm="(python3)"
[  424.508111] ib_qib 0000:02:00.0: Disabling notifier on HCA 0 irq 63
[  424.508124] ib_qib 0000:02:00.0: release on HCA notify 0x00000000721dc254 n 0x00000000f609d5f2
[  424.508137] ib_qib 0000:02:00.0: Disabling notifier on HCA 0 irq 64
[  424.508142] ib_qib 0000:02:00.0: release on HCA notify 0x000000006de7a831 n 0x000000004b5ecb35
[  424.508153] ib_qib 0000:02:00.0: Disabling notifier on HCA 0 irq 65
[  424.508157] ib_qib 0000:02:00.0: release on HCA notify 0x00000000a9d49c67 n 0x00000000a6e1a6b8
[  424.508174] ib_qib 0000:02:00.0: Disabling notifier on HCA 0 irq 67
[  424.508177] ib_qib 0000:02:00.0: release on HCA notify 0x0000000010e87381 n 0x000000005ebb39c7
[  424.710153] ib_qib 0000:02:00.0: Unable to enable pcie error reporting: -5
[  424.719034] ib_qib 0000:02:00.0: DCA enabled
[  424.719040] ib_qib 0000:02:00.0: set notifier irq 63 rcv 0 notify 00000000ac417517
[  424.719048] ib_qib 0000:02:00.0: set notifier irq 64 rcv 0 notify 00000000890da602
[  424.719052] ib_qib 0000:02:00.0: set notifier irq 65 rcv 0 notify 00000000a346dcb3
[  424.719056] ib_qib 0000:02:00.0: set notifier irq 67 rcv 1 notify 000000006fc321f8
[  424.818567] ib_qib IB0:1 Turning LOS on
[  425.046759] ib_qib 0000:02:00.0: qib0: Reserving QPNs from 0x656b78 to 0x656b78 for non-verbs use
[  425.068319] ib_qib 0000:02:00.0: qib0: Registration with rdmavt done.
[  425.224589] ib_qib 0000:02:00.0 ibs2: renamed from ib0
[  427.228182] ibs2: enabling connected mode will cause multicast packet drops
[  427.228205] ibs2: mtu > 4092 will cause multicast packet drops.
[  427.722692] audit: type=1400 audit(1723408953.505:4): apparmor="DENIED" operation="change_onexec" info="label not found" error=-2 profile="unconfined" name="ubuntu_pro_apt_news" pid=3764 comm="(python3)"
[  427.725337] audit: type=1400 audit(1723408953.505:5): apparmor="DENIED" operation="change_onexec" info="label not found" error=-2 profile="unconfined" name="ubuntu_pro_esm_cache" pid=3765 comm="(python3)"
[  430.013315] ib_qib IB0:1 Turning LOS off
[  432.277274] ib_qib 0000:02:00.0: IB0:1 got a lid: 0x31
[  432.672615] IPv6: ADDRCONF(NETDEV_CHANGE): ibs2: link becomes ready
[  434.667207] ib_qib 0000:02:00.0: sdma 0 cpu 22 dca 1f00400100
[  434.667272] ib_qib 0000:02:00.0: sdma 0 cpu 1 dca 1f00400100
[  434.667330] ib_qib 0000:02:00.0: sdma 0 cpu 18 dca 1f00400100
[  434.667426] ib_qib 0000:02:00.0: Ctxt 0 cpu 5 dca 4001000040011f
[  439.381913] EXT4-fs (sda4): mounted filesystem with ordered data mode. Opts: (null). Quota mode: none.
[  444.663048] ib_qib 0000:02:00.0: Ctxt 0 cpu 23 dca 4001000040011f
[  481.478796] LNet: HW NUMA nodes: 2, HW CPU cores: 32, npartitions: 2
[  482.225758] Key type ._llcrypt registered
[  482.225761] Key type .llcrypt registered
[  482.289209] LNet: 5369:0:(config.c:1534:lnet_inet_enumerate()) lnet: Ignoring interface eno2: it's down
[  482.289278] LNet: Using FastReg for registration
[  482.337441] LNet: Added LNI 10.94.2.31@o2ib [32/1024/0/180]
[  497.400154] Lustre: Lustre: Build Version: 2.15.5
[  498.487918] Lustre: Mounted lustre-client
[25404.800207] perf: interrupt took too long (2530 > 2500), lowering kernel.perf_event_max_sample_rate to 79000
[25601.387455] perf: interrupt took too long (3174 > 3162), lowering kernel.perf_event_max_sample_rate to 63000
[31037.818058] perf: interrupt took too long (3970 > 3967), lowering kernel.perf_event_max_sample_rate to 50250
[31593.422867] perf: interrupt took too long (4964 > 4962), lowering kernel.perf_event_max_sample_rate to 40250
[81004.688629] mce: [Hardware Error]: Machine check events logged
[81004.688657] mce: [Hardware Error]: Machine check events logged
[81004.766966] mce: CMCI storm detected: switching to poll mode
[81004.780620] {1}[Hardware Error]: Hardware error from APEI Generic Hardware Error Source: 0
[81004.780632] {1}[Hardware Error]: It has been corrected by h/w and requires no further action
[81004.780636] {1}[Hardware Error]: event severity: corrected
[81004.780638] {1}[Hardware Error]:  Error 0, type: corrected
[81004.780640] {1}[Hardware Error]:   section_type: memory error
[81004.780641] {1}[Hardware Error]:   error_status: 0x0000000000000400
[81004.780645] {1}[Hardware Error]:   node: 1 card: 3 module: 0 device: 0 
[81004.780647] {1}[Hardware Error]:   error_type: 18, unknown
[81065.424033] mce_notify_irq: 90 callbacks suppressed
[81065.424041] mce: [Hardware Error]: Machine check events logged
[81065.424046] mce: [Hardware Error]: Machine check events logged
[81133.421936] mce_notify_irq: 18 callbacks suppressed
[81133.421943] mce: [Hardware Error]: Machine check events logged
[81133.421948] mce: [Hardware Error]: Machine check events logged
[81209.419601] mce_notify_irq: 2 callbacks suppressed
[81209.419609] mce: [Hardware Error]: Machine check events logged
[81209.419614] mce: [Hardware Error]: Machine check events logged
[81332.427772] mce_notify_irq: 6 callbacks suppressed
[81332.427779] mce: [Hardware Error]: Machine check events logged
[81332.427783] mce: [Hardware Error]: Machine check events logged
[81364.270425] perf: interrupt took too long (6209 > 6205), lowering kernel.perf_event_max_sample_rate to 32000
[81669.405229] mce: CMCI storm subsided: switching to interrupt mode
[82279.686534] mce_notify_irq: 2 callbacks suppressed
[82279.686542] mce: [Hardware Error]: Machine check events logged
[82279.686548] mce: [Hardware Error]: Machine check events logged
[82420.632984] mce: [Hardware Error]: Machine check events logged
[82420.632993] mce: [Hardware Error]: Machine check events logged
[82812.920983] mce: [Hardware Error]: Machine check events logged
[82812.920997] mce: [Hardware Error]: Machine check events logged
[93131.494156] mce: [Hardware Error]: Machine check events logged
[93135.401825] mce: [Hardware Error]: Machine check events logged
[93670.782297] mce_notify_irq: 1 callbacks suppressed
[93670.782305] mce: [Hardware Error]: Machine check events logged
[93684.792089] mce: [Hardware Error]: Machine check events logged
[93773.988310] mce_notify_irq: 1 callbacks suppressed
[93773.988318] mce: [Hardware Error]: Machine check events logged
[93773.988376] mce: [Hardware Error]: Machine check events logged
[94690.083836] mce: [Hardware Error]: Machine check events logged
[94878.153922] mce: [Hardware Error]: Machine check events logged
[94878.153968] mce: [Hardware Error]: Machine check events logged
[94878.153981] mce: CMCI storm detected: switching to poll mode
[94879.601501] perf: interrupt took too long (8764 > 7761), lowering kernel.perf_event_max_sample_rate to 22750
[94939.001506] mce_notify_irq: 137 callbacks suppressed
[94939.001515] mce: [Hardware Error]: Machine check events logged
[94939.001520] mce: [Hardware Error]: Machine check events logged
[94999.991587] mce_notify_irq: 120 callbacks suppressed
[94999.991607] mce: [Hardware Error]: Machine check events logged
[94999.991632] mce: [Hardware Error]: Machine check events logged
[95037.054369] perf: interrupt took too long (11173 > 10955), lowering kernel.perf_event_max_sample_rate to 17750
[95060.981717] mce_notify_irq: 120 callbacks suppressed
[95060.981750] mce: [Hardware Error]: Machine check events logged
[95060.981767] mce: [Hardware Error]: Machine check events logged
[95061.687999] perf: interrupt took too long (15453 > 13966), lowering kernel.perf_event_max_sample_rate to 12750
[95102.406291] perf: interrupt took too long (19894 > 19316), lowering kernel.perf_event_max_sample_rate to 10000
[95120.983950] mce_notify_irq: 118 callbacks suppressed
[95120.983997] mce: [Hardware Error]: Machine check events logged
[95120.984019] mce: [Hardware Error]: Machine check events logged
[95148.470769] perf: interrupt took too long (24944 > 24867), lowering kernel.perf_event_max_sample_rate to 8000
[95182.001735] mce_notify_irq: 120 callbacks suppressed
[95182.001745] mce: [Hardware Error]: Machine check events logged
[95182.001752] mce: [Hardware Error]: Machine check events logged
[95197.771669] perf: interrupt took too long (31849 > 31180), lowering kernel.perf_event_max_sample_rate to 6250
[95242.995920] mce_notify_irq: 120 callbacks suppressed
[95242.995998] mce: [Hardware Error]: Machine check events logged
[95242.996048] mce: [Hardware Error]: Machine check events logged
[95275.770395] perf: interrupt took too long (39820 > 39811), lowering kernel.perf_event_max_sample_rate to 5000
[95303.982036] mce_notify_irq: 120 callbacks suppressed
[95303.982138] mce: [Hardware Error]: Machine check events logged
[95303.982184] mce: [Hardware Error]: Machine check events logged
[95363.984641] mce_notify_irq: 118 callbacks suppressed
[95363.984734] mce: [Hardware Error]: Machine check events logged
[95363.984799] mce: [Hardware Error]: Machine check events logged
[95388.450390] perf: interrupt took too long (49831 > 49775), lowering kernel.perf_event_max_sample_rate to 4000
[95424.970050] mce_notify_irq: 120 callbacks suppressed
[95424.970074] mce: [Hardware Error]: Machine check events logged
[95424.970093] mce: [Hardware Error]: Machine check events logged
[95485.996153] mce_notify_irq: 120 callbacks suppressed
[95485.996200] mce: [Hardware Error]: Machine check events logged
[95485.996221] mce: [Hardware Error]: Machine check events logged
[95535.785407] perf: interrupt took too long (62589 > 62288), lowering kernel.perf_event_max_sample_rate to 3000
[95546.986331] mce_notify_irq: 120 callbacks suppressed
[95546.986410] mce: [Hardware Error]: Machine check events logged
[95546.986446] mce: [Hardware Error]: Machine check events logged
[95607.972257] mce_notify_irq: 120 callbacks suppressed
[95607.972314] mce: [Hardware Error]: Machine check events logged
[95607.972344] mce: [Hardware Error]: Machine check events logged
[95668.962142] mce_notify_irq: 120 callbacks suppressed
[95668.962151] mce: [Hardware Error]: Machine check events logged
[95668.962159] mce: [Hardware Error]: Machine check events logged
[95729.984211] mce_notify_irq: 120 callbacks suppressed
[95729.984258] mce: [Hardware Error]: Machine check events logged
[95729.984284] mce: [Hardware Error]: Machine check events logged
[95790.974284] mce_notify_irq: 120 callbacks suppressed
[95790.974318] mce: [Hardware Error]: Machine check events logged
[95790.974342] mce: [Hardware Error]: Machine check events logged
[95851.964540] mce_notify_irq: 120 callbacks suppressed
[95851.964614] mce: [Hardware Error]: Machine check events logged
[95851.964655] mce: [Hardware Error]: Machine check events logged
[95911.966507] mce_notify_irq: 118 callbacks suppressed
[95911.966538] mce: [Hardware Error]: Machine check events logged
[95911.966601] mce: [Hardware Error]: Machine check events logged
[95963.999356] perf: interrupt took too long (78450 > 78236), lowering kernel.perf_event_max_sample_rate to 2500
[95972.952529] mce_notify_irq: 120 callbacks suppressed
[95972.952563] mce: [Hardware Error]: Machine check events logged
[95972.952588] mce: [Hardware Error]: Machine check events logged
[96033.978610] mce_notify_irq: 120 callbacks suppressed
[96033.978663] mce: [Hardware Error]: Machine check events logged
[96033.978690] mce: [Hardware Error]: Machine check events logged
[96094.964542] mce_notify_irq: 120 callbacks suppressed
[96094.964635] mce: [Hardware Error]: Machine check events logged
[96094.964656] mce: [Hardware Error]: Machine check events logged
[96155.954488] mce_notify_irq: 120 callbacks suppressed
[96155.954519] mce: [Hardware Error]: Machine check events logged
[96155.954549] mce: [Hardware Error]: Machine check events logged
[96216.944520] mce_notify_irq: 120 callbacks suppressed
[96216.944557] mce: [Hardware Error]: Machine check events logged
[96216.944576] mce: [Hardware Error]: Machine check events logged
[96240.630059] perf: interrupt took too long (98390 > 98062), lowering kernel.perf_event_max_sample_rate to 2000
[96277.966459] mce_notify_irq: 120 callbacks suppressed
[96277.966506] mce: [Hardware Error]: Machine check events logged
[96277.966535] mce: [Hardware Error]: Machine check events logged
[96338.956464] mce_notify_irq: 120 callbacks suppressed
[96338.956533] mce: [Hardware Error]: Machine check events logged
[96338.956616] mce: [Hardware Error]: Machine check events logged
[96399.946403] mce_notify_irq: 120 callbacks suppressed
[96399.946430] mce: [Hardware Error]: Machine check events logged
[96399.946459] mce: [Hardware Error]: Machine check events logged
[96460.936371] mce_notify_irq: 120 callbacks suppressed
[96460.936419] mce: [Hardware Error]: Machine check events logged
[96460.936462] mce: [Hardware Error]: Machine check events logged
[96521.958501] mce_notify_irq: 120 callbacks suppressed
[96521.958584] mce: [Hardware Error]: Machine check events logged
[96521.958632] mce: [Hardware Error]: Machine check events logged
[96581.960373] mce_notify_irq: 118 callbacks suppressed
[96581.960443] mce: [Hardware Error]: Machine check events logged
[96581.960476] mce: [Hardware Error]: Machine check events logged
[96642.946227] mce_notify_irq: 120 callbacks suppressed
[96642.946247] mce: [Hardware Error]: Machine check events logged
[96642.946253] mce: [Hardware Error]: Machine check events logged
[96703.936419] mce_notify_irq: 120 callbacks suppressed
[96703.936540] mce: [Hardware Error]: Machine check events logged
[96703.936592] mce: [Hardware Error]: Machine check events logged
[96705.026700] perf: interrupt took too long (123134 > 122987), lowering kernel.perf_event_max_sample_rate to 1500
[96764.926351] mce_notify_irq: 120 callbacks suppressed
[96764.926437] mce: [Hardware Error]: Machine check events logged
[96764.926454] mce: [Hardware Error]: Machine check events logged
[96825.948682] mce_notify_irq: 120 callbacks suppressed
[96825.948821] mce: [Hardware Error]: Machine check events logged
[96825.948920] mce: [Hardware Error]: Machine check events logged
[96886.938924] mce_notify_irq: 120 callbacks suppressed
[96886.939098] mce: [Hardware Error]: Machine check events logged
[96886.939209] mce: [Hardware Error]: Machine check events logged
[96947.928374] mce_notify_irq: 120 callbacks suppressed
[96947.928442] mce: [Hardware Error]: Machine check events logged
[96947.928488] mce: [Hardware Error]: Machine check events logged
[97008.918186] mce_notify_irq: 120 callbacks suppressed
[97008.918218] mce: [Hardware Error]: Machine check events logged
[97008.918233] mce: [Hardware Error]: Machine check events logged
[97069.944275] mce_notify_irq: 120 callbacks suppressed
[97069.944345] mce: [Hardware Error]: Machine check events logged
[97069.944399] mce: [Hardware Error]: Machine check events logged
[97130.930237] mce_notify_irq: 120 callbacks suppressed
[97130.930269] mce: [Hardware Error]: Machine check events logged
[97130.930302] mce: [Hardware Error]: Machine check events logged
[97191.920062] mce_notify_irq: 120 callbacks suppressed
[97191.920118] mce: [Hardware Error]: Machine check events logged
[97191.920133] mce: [Hardware Error]: Machine check events logged
[97252.909941] mce_notify_irq: 120 callbacks suppressed
[97252.909979] mce: [Hardware Error]: Machine check events logged
[97252.910006] mce: [Hardware Error]: Machine check events logged
[97312.911907] mce_notify_irq: 118 callbacks suppressed
[97312.911939] mce: [Hardware Error]: Machine check events logged
[97312.911968] mce: [Hardware Error]: Machine check events logged
[97373.930668] mce_notify_irq: 120 callbacks suppressed
[97373.930839] mce: [Hardware Error]: Machine check events logged
[97373.930966] mce: [Hardware Error]: Machine check events logged
[97434.919846] mce_notify_irq: 120 callbacks suppressed
[97434.919893] mce: [Hardware Error]: Machine check events logged
[97434.919931] mce: [Hardware Error]: Machine check events logged
[97495.909604] mce_notify_irq: 120 callbacks suppressed
[97495.909636] mce: [Hardware Error]: Machine check events logged
[97495.909651] mce: [Hardware Error]: Machine check events logged
[97556.899695] mce_notify_irq: 120 callbacks suppressed
[97556.899754] mce: [Hardware Error]: Machine check events logged
[97556.899767] mce: [Hardware Error]: Machine check events logged
[97563.212104] perf: interrupt took too long (154390 > 153917), lowering kernel.perf_event_max_sample_rate to 1250
[97617.921520] mce_notify_irq: 120 callbacks suppressed
[97617.921567] mce: [Hardware Error]: Machine check events logged
[97617.921580] mce: [Hardware Error]: Machine check events logged
[97678.911448] mce_notify_irq: 120 callbacks suppressed
[97678.911521] mce: [Hardware Error]: Machine check events logged
[97678.911544] mce: [Hardware Error]: Machine check events logged
[97739.901499] mce_notify_irq: 120 callbacks suppressed
[97739.901567] mce: [Hardware Error]: Machine check events logged
[97739.901630] mce: [Hardware Error]: Machine check events logged
[97800.891307] mce_notify_irq: 120 callbacks suppressed
[97800.891339] mce: [Hardware Error]: Machine check events logged
[97800.891362] mce: [Hardware Error]: Machine check events logged
[97861.913321] mce_notify_irq: 120 callbacks suppressed
[97861.913397] mce: [Hardware Error]: Machine check events logged
[97861.913458] mce: [Hardware Error]: Machine check events logged
